<html>
<body>
<pre>
<h1>µVision Build Log</h1>
<h2>Tool Versions:</h2>
IDE-Version: ¦ÌVision V5.34.0.0
Copyright (C) 2021 ARM Ltd and ARM Germany GmbH. All rights reserved.
License Information: 11 Administrator, 1, LIC=32B1Q-NYIB2-NN9AF-6T1KL-53IT1-DHMPD
 
Tool Versions:
Toolchain:       MDK-ARM Plus  Version: 5.34.0.0
Toolchain Path:  D:\KEILMDK\software\ARM\ARMCC\Bin
C Compiler:      Armcc.exe V5.06 update 7 (build 960)
Assembler:       Armasm.exe V5.06 update 7 (build 960)
Linker/Locator:  ArmLink.exe V5.06 update 7 (build 960)
Library Manager: ArmAr.exe V5.06 update 7 (build 960)
Hex Converter:   FromElf.exe V5.06 update 7 (build 960)
CPU DLL:         SARMCM3.DLL V5.34.0.0
Dialog DLL:      DCM.DLL V1.17.3.0
Target DLL:      STLink\ST-LINKIII-KEIL_SWO.dll V3.0.8.0
Dialog DLL:      TCM.DLL V1.48.0.0
 
<h2>Project:</h2>
E:\MyDIYBoard\IMU_Module\MDK-ARM\IMU_Module.uvprojx
Project File Date:  06/13/2023

<h2>Output:</h2>
*** Using Compiler 'V5.06 update 7 (build 960)', folder: 'D:\KEILMDK\software\ARM\ARMCC\Bin'
Build target 'IMU_Module'
compiling qmc5883.c...
..\Core\Src\qmc5883.c(34): warning:  #177-D: variable "sum"  was declared but never referenced
      int32_t sum[3] = {0, 0, 0};
..\Core\Src\qmc5883.c(315): warning:  #181-D: argument is incompatible with corresponding format string conversion
      printf("sample:%.2f,%.2f,%.2f\n", x, y, z);
..\Core\Src\qmc5883.c(315): warning:  #181-D: argument is incompatible with corresponding format string conversion
      printf("sample:%.2f,%.2f,%.2f\n", x, y, z);
..\Core\Src\qmc5883.c(315): warning:  #181-D: argument is incompatible with corresponding format string conversion
      printf("sample:%.2f,%.2f,%.2f\n", x, y, z);
..\Core\Src\qmc5883.c(266): warning:  #550-D: variable "MagDensity"  was set but never used
      uint16_t MagDensity = 0x00;
..\Core\Src\qmc5883.c(269): warning:  #177-D: variable "Temp"  was declared but never referenced
      int16_t Temp = 0x00;
..\Core\Src\qmc5883.c(388): warning:  #940-D: missing return statement at end of non-void function "QMC5883_GetOffSet" 
  }
..\Core\Src\qmc5883.c: 7 warnings, 0 errors
linking...
Program Size: Code=32846 RO-data=946 RW-data=36 ZI-data=2380  
FromELF: creating hex file...
"IMU_Module\IMU_Module.axf" - 0 Error(s), 7 Warning(s).

<h2>Software Packages used:</h2>

Package Vendor: ARM
                http://www.keil.com/pack/ARM.CMSIS.5.9.0.pack
                ARM.CMSIS.5.9.0
                CMSIS (Common Microcontroller Software Interface Standard)
   * Component: CORE Version: 5.6.0

Package Vendor: Keil
                https://www.keil.com/pack/Keil.STM32G4xx_DFP.1.5.0.pack
                Keil.STM32G4xx_DFP.1.5.0
                STMicroelectronics STM32G4 Series Device Support, Drivers and Examples

<h2>Collection of Component include folders:</h2>
  .\RTE\_IMU_Module
  D:\KEILMDK\pack\ARM\CMSIS\5.9.0\CMSIS\Core\Include
  D:\KEILMDK\pack\Keil\STM32G4xx_DFP\1.5.0\Drivers\CMSIS\Device\ST\STM32G4xx\Include

<h2>Collection of Component Files used:</h2>

   * Component: ARM::CMSIS:CORE:5.6.0
      Include file:  CMSIS\Core\Include\tz_context.h
Build Time Elapsed:  00:00:02
</pre>
</body>
</html>
