Component: ARM Compiler 5.06 update 7 (build 960) Tool: armlink [4d3601]

==============================================================================

Section Cross References

    startup_stm32g431xx.o(RESET) refers to startup_stm32g431xx.o(STACK) for __initial_sp
    startup_stm32g431xx.o(RESET) refers to startup_stm32g431xx.o(.text) for Reset_Handler
    startup_stm32g431xx.o(RESET) refers to stm32g4xx_it.o(i.NMI_Handler) for NMI_Handler
    startup_stm32g431xx.o(RESET) refers to stm32g4xx_it.o(i.HardFault_Handler) for HardFault_Handler
    startup_stm32g431xx.o(RESET) refers to stm32g4xx_it.o(i.MemManage_Handler) for MemManage_Handler
    startup_stm32g431xx.o(RESET) refers to stm32g4xx_it.o(i.BusFault_Handler) for BusFault_Handler
    startup_stm32g431xx.o(RESET) refers to stm32g4xx_it.o(i.UsageFault_Handler) for UsageFault_Handler
    startup_stm32g431xx.o(RESET) refers to stm32g4xx_it.o(i.SVC_Handler) for SVC_Handler
    startup_stm32g431xx.o(RESET) refers to stm32g4xx_it.o(i.DebugMon_Handler) for DebugMon_Handler
    startup_stm32g431xx.o(RESET) refers to stm32g4xx_it.o(i.PendSV_Handler) for PendSV_Handler
    startup_stm32g431xx.o(RESET) refers to stm32g4xx_it.o(i.SysTick_Handler) for SysTick_Handler
    startup_stm32g431xx.o(RESET) refers to stm32g4xx_it.o(i.TIM2_IRQHandler) for TIM2_IRQHandler
    startup_stm32g431xx.o(.text) refers to system_stm32g4xx.o(i.SystemInit) for SystemInit
    startup_stm32g431xx.o(.text) refers to entry.o(.ARM.Collect$$$$00000000) for __main
    debug.o(i.ano_report) refers to stm32g4xx_hal_uart.o(i.HAL_UART_Transmit) for HAL_UART_Transmit
    debug.o(i.ano_report) refers to usart.o(.bss) for huart1
    debug.o(i.fputc) refers to stm32g4xx_hal_uart.o(i.HAL_UART_Transmit) for HAL_UART_Transmit
    debug.o(i.fputc) refers to usart.o(.bss) for huart1
    main.o(i.SystemClock_Config) refers to memseta.o(.text) for __aeabi_memclr4
    main.o(i.SystemClock_Config) refers to stm32g4xx_hal_pwr_ex.o(i.HAL_PWREx_ControlVoltageScaling) for HAL_PWREx_ControlVoltageScaling
    main.o(i.SystemClock_Config) refers to stm32g4xx_hal_rcc.o(i.HAL_RCC_OscConfig) for HAL_RCC_OscConfig
    main.o(i.SystemClock_Config) refers to main.o(i.Error_Handler) for Error_Handler
    main.o(i.SystemClock_Config) refers to stm32g4xx_hal_rcc.o(i.HAL_RCC_ClockConfig) for HAL_RCC_ClockConfig
    main.o(i.main) refers to stm32g4xx_hal.o(i.HAL_Init) for HAL_Init
    main.o(i.main) refers to main.o(i.SystemClock_Config) for SystemClock_Config
    main.o(i.main) refers to gpio.o(i.MX_GPIO_Init) for MX_GPIO_Init
    main.o(i.main) refers to usart.o(i.MX_USART1_UART_Init) for MX_USART1_UART_Init
    main.o(i.main) refers to spi.o(i.MX_SPI2_Init) for MX_SPI2_Init
    main.o(i.main) refers to tim.o(i.MX_TIM2_Init) for MX_TIM2_Init
    main.o(i.main) refers to tim.o(i.MX_TIM16_Init) for MX_TIM16_Init
    main.o(i.main) refers to i2c.o(i.MX_I2C1_Init) for MX_I2C1_Init
    main.o(i.main) refers to spi.o(i.MX_SPI1_Init) for MX_SPI1_Init
    main.o(i.main) refers to stm32g4xx_hal.o(i.HAL_Delay) for HAL_Delay
    main.o(i.main) refers to spl06.o(i.SPL06_Init) for SPL06_Init
    main.o(i.main) refers to bmi088.o(i.BMI088_INIT) for BMI088_INIT
    main.o(i.main) refers to qmc5883.o(i.QMC5883L_Init) for QMC5883L_Init
    main.o(i.main) refers to mdelay.o(i.delay_us) for delay_us
    main.o(i.main) refers to stm32g4xx_hal_gpio.o(i.HAL_GPIO_TogglePin) for HAL_GPIO_TogglePin
    main.o(i.main) refers to imu.o(i.MahonyAHRS) for MahonyAHRS
    main.o(i.main) refers to imu.o(i.IMU_get_origion_data) for IMU_get_origion_data
    main.o(i.main) refers to spl06.o(i.SPL_06_Get_Height) for SPL_06_Get_Height
    main.o(i.main) refers to qmc5883.o(i.QMC5883L_Read_TEMP) for QMC5883L_Read_TEMP
    main.o(i.main) refers to qmc5883.o(i.QMC5883L_Read_XYZ) for QMC5883L_Read_XYZ
    main.o(i.main) refers to imu.o(i.Update) for Update
    main.o(i.main) refers to f2d.o(.text) for __aeabi_f2d
    main.o(i.main) refers to printfa.o(i.__0printf) for __2printf
    main.o(i.main) refers to spl06.o(.bss) for spl06
    main.o(i.main) refers to qmc5883.o(.data) for QMC5883err
    main.o(i.main) refers to imu.o(.bss) for dev
    main.o(i.main) refers to qmc5883.o(.bss) for QMC5883LSample
    gpio.o(i.MX_GPIO_Init) refers to memseta.o(.text) for __aeabi_memclr4
    gpio.o(i.MX_GPIO_Init) refers to stm32g4xx_hal_gpio.o(i.HAL_GPIO_WritePin) for HAL_GPIO_WritePin
    gpio.o(i.MX_GPIO_Init) refers to stm32g4xx_hal_gpio.o(i.HAL_GPIO_Init) for HAL_GPIO_Init
    i2c.o(i.HAL_I2C_MspDeInit) refers to stm32g4xx_hal_gpio.o(i.HAL_GPIO_DeInit) for HAL_GPIO_DeInit
    i2c.o(i.HAL_I2C_MspInit) refers to memseta.o(.text) for __aeabi_memclr4
    i2c.o(i.HAL_I2C_MspInit) refers to stm32g4xx_hal_rcc_ex.o(i.HAL_RCCEx_PeriphCLKConfig) for HAL_RCCEx_PeriphCLKConfig
    i2c.o(i.HAL_I2C_MspInit) refers to main.o(i.Error_Handler) for Error_Handler
    i2c.o(i.HAL_I2C_MspInit) refers to stm32g4xx_hal_gpio.o(i.HAL_GPIO_Init) for HAL_GPIO_Init
[...]
    i.HAL_GPIO_WritePin                      0x08000c6c   Section        0  stm32g4xx_hal_gpio.o(i.HAL_GPIO_WritePin)
    i.HAL_GetTick                            0x08000c78   Section        0  stm32g4xx_hal.o(i.HAL_GetTick)
    i.HAL_I2CEx_ConfigAnalogFilter           0x08000c84   Section        0  stm32g4xx_hal_i2c_ex.o(i.HAL_I2CEx_ConfigAnalogFilter)
    i.HAL_I2CEx_ConfigDigitalFilter          0x08000cee   Section        0  stm32g4xx_hal_i2c_ex.o(i.HAL_I2CEx_ConfigDigitalFilter)
    i.HAL_I2C_Init                           0x08000d58   Section        0  stm32g4xx_hal_i2c.o(i.HAL_I2C_Init)
    i.HAL_I2C_Mem_Read                       0x08000e1c   Section        0  stm32g4xx_hal_i2c.o(i.HAL_I2C_Mem_Read)
    i.HAL_I2C_Mem_Write                      0x08000fbc   Section        0  stm32g4xx_hal_i2c.o(i.HAL_I2C_Mem_Write)
    i.HAL_I2C_MspInit                        0x08001154   Section        0  i2c.o(i.HAL_I2C_MspInit)
    i.HAL_IncTick                            0x08001220   Section        0  stm32g4xx_hal.o(i.HAL_IncTick)
    i.HAL_Init                               0x08001238   Section        0  stm32g4xx_hal.o(i.HAL_Init)
    i.HAL_InitTick                           0x08001258   Section        0  stm32g4xx_hal.o(i.HAL_InitTick)
    i.HAL_MspInit                            0x080012b0   Section        0  stm32g4xx_hal_msp.o(i.HAL_MspInit)
    i.HAL_NVIC_EnableIRQ                     0x080012f4   Section        0  stm32g4xx_hal_cortex.o(i.HAL_NVIC_EnableIRQ)
    i.HAL_NVIC_SetPriority                   0x0800131c   Section        0  stm32g4xx_hal_cortex.o(i.HAL_NVIC_SetPriority)
    i.HAL_NVIC_SetPriorityGrouping           0x08001398   Section        0  stm32g4xx_hal_cortex.o(i.HAL_NVIC_SetPriorityGrouping)
    i.HAL_PWREx_ControlVoltageScaling        0x080013c0   Section        0  stm32g4xx_hal_pwr_ex.o(i.HAL_PWREx_ControlVoltageScaling)
    i.HAL_PWREx_DisableUCPDDeadBattery       0x080014d8   Section        0  stm32g4xx_hal_pwr_ex.o(i.HAL_PWREx_DisableUCPDDeadBattery)
    i.HAL_RCCEx_PeriphCLKConfig              0x080014ec   Section        0  stm32g4xx_hal_rcc_ex.o(i.HAL_RCCEx_PeriphCLKConfig)
    i.HAL_RCC_ClockConfig                    0x0800185c   Section        0  stm32g4xx_hal_rcc.o(i.HAL_RCC_ClockConfig)
    i.HAL_RCC_GetHCLKFreq                    0x08001a80   Section        0  stm32g4xx_hal_rcc.o(i.HAL_RCC_GetHCLKFreq)
    i.HAL_RCC_GetPCLK1Freq                   0x08001a8c   Section        0  stm32g4xx_hal_rcc.o(i.HAL_RCC_GetPCLK1Freq)
    i.HAL_RCC_GetPCLK2Freq                   0x08001ab0   Section        0  stm32g4xx_hal_rcc.o(i.HAL_RCC_GetPCLK2Freq)
    i.HAL_RCC_GetSysClockFreq                0x08001ad4   Section        0  stm32g4xx_hal_rcc.o(i.HAL_RCC_GetSysClockFreq)
    i.HAL_RCC_OscConfig                      0x08001b6c   Section        0  stm32g4xx_hal_rcc.o(i.HAL_RCC_OscConfig)
    i.HAL_SPI_GetState                       0x080020d4   Section        0  stm32g4xx_hal_spi.o(i.HAL_SPI_GetState)
    i.HAL_SPI_Init                           0x080020dc   Section        0  stm32g4xx_hal_spi.o(i.HAL_SPI_Init)
    i.HAL_SPI_MspInit                        0x080021d8   Section        0  spi.o(i.HAL_SPI_MspInit)
    i.HAL_SPI_Receive                        0x080022b0   Section        0  stm32g4xx_hal_spi.o(i.HAL_SPI_Receive)
    i.HAL_SPI_Transmit                       0x08002456   Section        0  stm32g4xx_hal_spi.o(i.HAL_SPI_Transmit)
    i.HAL_SPI_TransmitReceive                0x08002640   Section        0  stm32g4xx_hal_spi.o(i.HAL_SPI_TransmitReceive)
    i.HAL_SYSTICK_Config                     0x080028fc   Section        0  stm32g4xx_hal_cortex.o(i.HAL_SYSTICK_Config)
    i.HAL_TIMEx_Break2Callback               0x08002930   Section        0  stm32g4xx_hal_tim_ex.o(i.HAL_TIMEx_Break2Callback)
    i.HAL_TIMEx_BreakCallback                0x08002932   Section        0  stm32g4xx_hal_tim_ex.o(i.HAL_TIMEx_BreakCallback)
    i.HAL_TIMEx_CommutCallback               0x08002934   Section        0  stm32g4xx_hal_tim_ex.o(i.HAL_TIMEx_CommutCallback)
    i.HAL_TIMEx_DirectionChangeCallback      0x08002936   Section        0  stm32g4xx_hal_tim_ex.o(i.HAL_TIMEx_DirectionChangeCallback)
    i.HAL_TIMEx_EncoderIndexCallback         0x08002938   Section        0  stm32g4xx_hal_tim_ex.o(i.HAL_TIMEx_EncoderIndexCallback)
    i.HAL_TIMEx_IndexErrorCallback           0x0800293a   Section        0  stm32g4xx_hal_tim_ex.o(i.HAL_TIMEx_IndexErrorCallback)
    i.HAL_TIMEx_MasterConfigSynchronization  0x0800293c   Section        0  stm32g4xx_hal_tim_ex.o(i.HAL_TIMEx_MasterConfigSynchronization)
    i.HAL_TIMEx_TransitionErrorCallback      0x080029f4   Section        0  stm32g4xx_hal_tim_ex.o(i.HAL_TIMEx_TransitionErrorCallback)
    i.HAL_TIM_Base_Init                      0x080029f6   Section        0  stm32g4xx_hal_tim.o(i.HAL_TIM_Base_Init)
    i.HAL_TIM_Base_MspInit                   0x08002a64   Section        0  tim.o(i.HAL_TIM_Base_MspInit)
    i.HAL_TIM_Base_Start                     0x08002acc   Section        0  stm32g4xx_hal_tim.o(i.HAL_TIM_Base_Start)
    i.HAL_TIM_ConfigClockSource              0x08002b5c   Section        0  stm32g4xx_hal_tim.o(i.HAL_TIM_ConfigClockSource)
    i.HAL_TIM_IC_CaptureCallback             0x08002c90   Section        0  stm32g4xx_hal_tim.o(i.HAL_TIM_IC_CaptureCallback)
    i.HAL_TIM_IRQHandler                     0x08002c92   Section        0  stm32g4xx_hal_tim.o(i.HAL_TIM_IRQHandler)
    i.HAL_TIM_OC_DelayElapsedCallback        0x08002ed2   Section        0  stm32g4xx_hal_tim.o(i.HAL_TIM_OC_DelayElapsedCallback)
    i.HAL_TIM_PWM_PulseFinishedCallback      0x08002ed4   Section        0  stm32g4xx_hal_tim.o(i.HAL_TIM_PWM_PulseFinishedCallback)
    i.HAL_TIM_PeriodElapsedCallback          0x08002ed6   Section        0  stm32g4xx_hal_tim.o(i.HAL_TIM_PeriodElapsedCallback)
    i.HAL_TIM_TriggerCallback                0x08002ed8   Section        0  stm32g4xx_hal_tim.o(i.HAL_TIM_TriggerCallback)
    i.HAL_UARTEx_DisableFifoMode             0x08002eda   Section        0  stm32g4xx_hal_uart_ex.o(i.HAL_UARTEx_DisableFifoMode)
    i.HAL_UARTEx_SetRxFifoThreshold          0x08002f28   Section        0  stm32g4xx_hal_uart_ex.o(i.HAL_UARTEx_SetRxFifoThreshold)
    i.HAL_UARTEx_SetTxFifoThreshold          0x08002f86   Section        0  stm32g4xx_hal_uart_ex.o(i.HAL_UARTEx_SetTxFifoThreshold)
    i.HAL_UART_Init                          0x08002fe4   Section        0  stm32g4xx_hal_uart.o(i.HAL_UART_Init)
    i.HAL_UART_MspInit                       0x0800305c   Section        0  usart.o(i.HAL_UART_MspInit)
    i.HAL_UART_Transmit                      0x080030f0   Section        0  stm32g4xx_hal_uart.o(i.HAL_UART_Transmit)
    i.HardFault_Handler                      0x080031c6   Section        0  stm32g4xx_it.o(i.HardFault_Handler)
    i.I2C_Flush_TXDR                         0x080031ca   Section        0  stm32g4xx_hal_i2c.o(i.I2C_Flush_TXDR)
    I2C_Flush_TXDR                           0x080031cb   Thumb Code    40  stm32g4xx_hal_i2c.o(i.I2C_Flush_TXDR)
    i.I2C_IsErrorOccurred                    0x080031f4   Section        0  stm32g4xx_hal_i2c.o(i.I2C_IsErrorOccurred)
    I2C_IsErrorOccurred                      0x080031f5   Thumb Code   322  stm32g4xx_hal_i2c.o(i.I2C_IsErrorOccurred)
    i.I2C_RequestMemoryRead                  0x0800333c   Section        0  stm32g4xx_hal_i2c.o(i.I2C_RequestMemoryRead)
    I2C_RequestMemoryRead                    0x0800333d   Thumb Code   118  stm32g4xx_hal_i2c.o(i.I2C_RequestMemoryRead)
    i.I2C_RequestMemoryWrite                 0x080033b8   Section        0  stm32g4xx_hal_i2c.o(i.I2C_RequestMemoryWrite)
    I2C_RequestMemoryWrite                   0x080033b9   Thumb Code   118  stm32g4xx_hal_i2c.o(i.I2C_RequestMemoryWrite)
    i.I2C_TransferConfig                     0x08003434   Section        0  stm32g4xx_hal_i2c.o(i.I2C_TransferConfig)
    I2C_TransferConfig                       0x08003435   Thumb Code    56  stm32g4xx_hal_i2c.o(i.I2C_TransferConfig)
    i.I2C_WaitOnFlagUntilTimeout             0x0800346c   Section        0  stm32g4xx_hal_i2c.o(i.I2C_WaitOnFlagUntilTimeout)
    I2C_WaitOnFlagUntilTimeout               0x0800346d   Thumb Code    94  stm32g4xx_hal_i2c.o(i.I2C_WaitOnFlagUntilTimeout)
    i.I2C_WaitOnSTOPFlagUntilTimeout         0x080034ca   Section        0  stm32g4xx_hal_i2c.o(i.I2C_WaitOnSTOPFlagUntilTimeout)
    I2C_WaitOnSTOPFlagUntilTimeout           0x080034cb   Thumb Code    86  stm32g4xx_hal_i2c.o(i.I2C_WaitOnSTOPFlagUntilTimeout)
    i.I2C_WaitOnTXISFlagUntilTimeout         0x08003520   Section        0  stm32g4xx_hal_i2c.o(i.I2C_WaitOnTXISFlagUntilTimeout)
    I2C_WaitOnTXISFlagUntilTimeout           0x08003521   Thumb Code    90  stm32g4xx_hal_i2c.o(i.I2C_WaitOnTXISFlagUntilTimeout)
    i.IMU_get_origion_data                   0x0800357c   Section        0  imu.o(i.IMU_get_origion_data)
    i.MX_GPIO_Init                           0x080038c8   Section        0  gpio.o(i.MX_GPIO_Init)
    i.MX_I2C1_Init                           0x080039a0   Section        0  i2c.o(i.MX_I2C1_Init)
    i.MX_SPI1_Init                           0x080039f8   Section        0  spi.o(i.MX_SPI1_Init)
    i.MX_SPI2_Init                           0x08003a48   Section        0  spi.o(i.MX_SPI2_Init)
    i.MX_TIM16_Init                          0x08003a98   Section        0  tim.o(i.MX_TIM16_Init)
    i.MX_TIM2_Init                           0x08003acc   Section        0  tim.o(i.MX_TIM2_Init)
    i.MX_USART1_UART_Init                    0x08003b3c   Section        0  usart.o(i.MX_USART1_UART_Init)
    i.MahonyAHRS                             0x08003ba8   Section        0  imu.o(i.MahonyAHRS)
    i.MemManage_Handler                      0x08003bf8   Section        0  stm32g4xx_it.o(i.MemManage_Handler)
    i.NMI_Handler                            0x08003bfc   Section        0  stm32g4xx_it.o(i.NMI_Handler)
    i.PendSV_Handler                         0x08003c00   Section        0  stm32g4xx_it.o(i.PendSV_Handler)
    i.QMC5883L_Init                          0x08003c04   Section        0  qmc5883.o(i.QMC5883L_Init)
    i.QMC5883L_Read_TEMP                     0x08003ca4   Section        0  qmc5883.o(i.QMC5883L_Read_TEMP)
    i.QMC5883L_Read_XYZ                      0x08003d08   Section        0  qmc5883.o(i.QMC5883L_Read_XYZ)
    i.QMC5883L_Register_Read                 0x08003f00   Section        0  qmc5883.o(i.QMC5883L_Register_Read)
    i.QMC5883L_Register_Write                0x08003f2c   Section        0  qmc5883.o(i.QMC5883L_Register_Write)
    i.QMC5883_GetOffSet                      0x08003f54   Section        0  qmc5883.o(i.QMC5883_GetOffSet)
    i.Q_rsqrt                                0x08003f88   Section        0  imu.o(i.Q_rsqrt)
    i.RCC_GetSysClockFreqFromPLLSource       0x08003fcc   Section        0  stm32g4xx_hal_rcc.o(i.RCC_GetSysClockFreqFromPLLSource)
    RCC_GetSysClockFreqFromPLLSource         0x08003fcd   Thumb Code    90  stm32g4xx_hal_rcc.o(i.RCC_GetSysClockFreqFromPLLSource)
    i.ReadAccData                            0x08004034   Section        0  bmi088.o(i.ReadAccData)
    i.ReadMultiDataFromAcc                   0x080040d4   Section        0  bmi088.o(i.ReadMultiDataFromAcc)
    i.ReadMultiDataFromGyro                  0x08004180   Section        0  bmi088.o(i.ReadMultiDataFromGyro)
    i.ReadSingleDataFromAcc                  0x080041d4   Section        0  bmi088.o(i.ReadSingleDataFromAcc)
    i.ReadSingleDataFromGyro                 0x08004244   Section        0  bmi088.o(i.ReadSingleDataFromGyro)
    i.SPI_EndRxTransaction                   0x080042b4   Section        0  stm32g4xx_hal_spi.o(i.SPI_EndRxTransaction)
    SPI_EndRxTransaction                     0x080042b5   Thumb Code   130  stm32g4xx_hal_spi.o(i.SPI_EndRxTransaction)
    i.SPI_EndRxTxTransaction                 0x08004336   Section        0  stm32g4xx_hal_spi.o(i.SPI_EndRxTxTransaction)
    SPI_EndRxTxTransaction                   0x08004337   Thumb Code   100  stm32g4xx_hal_spi.o(i.SPI_EndRxTxTransaction)
    i.SPI_WaitFifoStateUntilTimeout          0x0800439c   Section        0  stm32g4xx_hal_spi.o(i.SPI_WaitFifoStateUntilTimeout)
    SPI_WaitFifoStateUntilTimeout            0x0800439d   Thumb Code   242  stm32g4xx_hal_spi.o(i.SPI_WaitFifoStateUntilTimeout)
    i.SPI_WaitFlagStateUntilTimeout          0x08004494   Section        0  stm32g4xx_hal_spi.o(i.SPI_WaitFlagStateUntilTimeout)
    SPI_WaitFlagStateUntilTimeout            0x08004495   Thumb Code   210  stm32g4xx_hal_spi.o(i.SPI_WaitFlagStateUntilTimeout)
    i.SPL06_Init                             0x0800456c   Section        0  spl06.o(i.SPL06_Init)
    i.SPL_06_Config_Mode                     0x08004628   Section        0  spl06.o(i.SPL_06_Config_Mode)
    i.SPL_06_Config_Pres                     0x08004638   Section        0  spl06.o(i.SPL_06_Config_Pres)
    i.SPL_06_Config_Temp                     0x0800470c   Section        0  spl06.o(i.SPL_06_Config_Temp)
    i.SPL_06_Get_Height                      0x080047e4   Section        0  spl06.o(i.SPL_06_Get_Height)
    i.SPL_06_Read_COEF                       0x080049c4   Section        0  spl06.o(i.SPL_06_Read_COEF)
    i.SPL_06_Read_Reg                        0x08004b10   Section        0  spl06.o(i.SPL_06_Read_Reg)
    i.SPL_06_Write_Reg                       0x08004b84   Section        0  spl06.o(i.SPL_06_Write_Reg)
    i.SVC_Handler                            0x08004bdc   Section        0  stm32g4xx_it.o(i.SVC_Handler)
    i.SysTick_Handler                        0x08004bde   Section        0  stm32g4xx_it.o(i.SysTick_Handler)
    i.SystemClock_Config                     0x08004be6   Section        0  main.o(i.SystemClock_Config)
    i.SystemInit                             0x08004c50   Section        0  system_stm32g4xx.o(i.SystemInit)
    i.TIM2_IRQHandler                        0x08004c64   Section        0  stm32g4xx_it.o(i.TIM2_IRQHandler)
    i.TIM_Base_SetConfig                     0x08004c74   Section        0  stm32g4xx_hal_tim.o(i.TIM_Base_SetConfig)
    i.TIM_ETR_SetConfig                      0x08004d30   Section        0  stm32g4xx_hal_tim.o(i.TIM_ETR_SetConfig)
    i.TIM_ITRx_SetConfig                     0x08004d48   Section        0  stm32g4xx_hal_tim.o(i.TIM_ITRx_SetConfig)
    TIM_ITRx_SetConfig                       0x08004d49   Thumb Code    18  stm32g4xx_hal_tim.o(i.TIM_ITRx_SetConfig)
    i.TIM_TI1_ConfigInputStage               0x08004d60   Section        0  stm32g4xx_hal_tim.o(i.TIM_TI1_ConfigInputStage)
    TIM_TI1_ConfigInputStage                 0x08004d61   Thumb Code    38  stm32g4xx_hal_tim.o(i.TIM_TI1_ConfigInputStage)
    i.TIM_TI2_ConfigInputStage               0x08004d86   Section        0  stm32g4xx_hal_tim.o(i.TIM_TI2_ConfigInputStage)
    TIM_TI2_ConfigInputStage                 0x08004d87   Thumb Code    40  stm32g4xx_hal_tim.o(i.TIM_TI2_ConfigInputStage)
    i.UARTEx_SetNbDataToProcess              0x08004db0   Section        0  stm32g4xx_hal_uart_ex.o(i.UARTEx_SetNbDataToProcess)
    UARTEx_SetNbDataToProcess                0x08004db1   Thumb Code    78  stm32g4xx_hal_uart_ex.o(i.UARTEx_SetNbDataToProcess)
    i.UART_AdvFeatureConfig                  0x08004e08   Section        0  stm32g4xx_hal_uart.o(i.UART_AdvFeatureConfig)
    i.UART_CheckIdleState                    0x08004f00   Section        0  stm32g4xx_hal_uart.o(i.UART_CheckIdleState)
    i.UART_SetConfig                         0x08004f78   Section        0  stm32g4xx_hal_uart.o(i.UART_SetConfig)
    i.UART_WaitOnFlagUntilTimeout            0x080052fc   Section        0  stm32g4xx_hal_uart.o(i.UART_WaitOnFlagUntilTimeout)
    i.Update                                 0x080053fc   Section        0  imu.o(i.Update)
    i.UsageFault_Handler                     0x08005ae8   Section        0  stm32g4xx_it.o(i.UsageFault_Handler)
    i.VerifyAccChipID                        0x08005aec   Section        0  bmi088.o(i.VerifyAccChipID)
    i.VerifyAccSelfTest                      0x08005b08   Section        0  bmi088.o(i.VerifyAccSelfTest)
    i.VerifyGyroChipID                       0x08005ba4   Section        0  bmi088.o(i.VerifyGyroChipID)
    i.WriteDataToAcc                         0x08005bc0   Section        0  bmi088.o(i.WriteDataToAcc)
    i.WriteDataToGyro                        0x08005c38   Section        0  bmi088.o(i.WriteDataToGyro)
    i.__0printf                              0x08005c90   Section        0  printfa.o(i.__0printf)
    i.__ARM_fpclassify                       0x08005cb0   Section        0  fpclassify.o(i.__ARM_fpclassify)
    i.__ARM_fpclassifyf                      0x08005ce0   Section        0  fpclassifyf.o(i.__ARM_fpclassifyf)
    i.__NVIC_GetPriorityGrouping             0x08005d08   Section        0  stm32g4xx_hal_cortex.o(i.__NVIC_GetPriorityGrouping)
    __NVIC_GetPriorityGrouping               0x08005d09   Thumb Code    10  stm32g4xx_hal_cortex.o(i.__NVIC_GetPriorityGrouping)
    i.__NVIC_SetPriority                     0x08005d18   Section        0  stm32g4xx_hal_cortex.o(i.__NVIC_SetPriority)
    __NVIC_SetPriority                       0x08005d19   Thumb Code    32  stm32g4xx_hal_cortex.o(i.__NVIC_SetPriority)
    i.__hardfp_asin                          0x08005d40   Section        0  asin.o(i.__hardfp_asin)
    i.__hardfp_atan                          0x080060a0   Section        0  atan.o(i.__hardfp_atan)
    i.__hardfp_atan2                         0x08006378   Section        0  atan2.o(i.__hardfp_atan2)
    i.__hardfp_atan2f                        0x08006578   Section        0  atan2f.o(i.__hardfp_atan2f)
    i.__hardfp_pow                           0x08006828   Section        0  pow.o(i.__hardfp_pow)
    i.__kernel_poly                          0x08007478   Section        0  poly.o(i.__kernel_poly)
    i.__mathlib_dbl_divzero                  0x08007570   Section        0  dunder.o(i.__mathlib_dbl_divzero)
    i.__mathlib_dbl_infnan                   0x080075a0   Section        0  dunder.o(i.__mathlib_dbl_infnan)
    i.__mathlib_dbl_infnan2                  0x080075b4   Section        0  dunder.o(i.__mathlib_dbl_infnan2)
    i.__mathlib_dbl_invalid                  0x080075c8   Section        0  dunder.o(i.__mathlib_dbl_invalid)
    i.__mathlib_dbl_overflow                 0x080075e8   Section        0  dunder.o(i.__mathlib_dbl_overflow)
    i.__mathlib_dbl_underflow                0x08007608   Section        0  dunder.o(i.__mathlib_dbl_underflow)
    i.__mathlib_flt_infnan2                  0x08007628   Section        0  funder.o(i.__mathlib_flt_infnan2)
    i.__mathlib_flt_underflow                0x08007630   Section        0  funder.o(i.__mathlib_flt_underflow)
    i.__scatterload_copy                     0x08007640   Section       14  handlers.o(i.__scatterload_copy)
    i.__scatterload_null                     0x0800764e   Section        2  handlers.o(i.__scatterload_null)
    i.__scatterload_zeroinit                 0x08007650   Section       14  handlers.o(i.__scatterload_zeroinit)
    i.__set_errno                            0x08007660   Section        0  errno.o(i.__set_errno)
    i._fp_digits                             0x0800766c   Section        0  printfa.o(i._fp_digits)
    _fp_digits                               0x0800766d   Thumb Code   366  printfa.o(i._fp_digits)
    i._printf_core                           0x080077f0   Section        0  printfa.o(i._printf_core)
    _printf_core                             0x080077f1   Thumb Code  1704  printfa.o(i._printf_core)
    i._printf_post_padding                   0x08007ea4   Section        0  printfa.o(i._printf_post_padding)
    _printf_post_padding                     0x08007ea5   Thumb Code    36  printfa.o(i._printf_post_padding)
    i._printf_pre_padding                    0x08007ec8   Section        0  printfa.o(i._printf_pre_padding)
    _printf_pre_padding                      0x08007ec9   Thumb Code    46  printfa.o(i._printf_pre_padding)
    i.atan                                   0x08007ef6   Section        0  atan.o(i.atan)
    i.delay_us                               0x08007f08   Section        0  mdelay.o(i.delay_us)
    i.fabs                                   0x08007f4c   Section        0  fabs.o(i.fabs)
    i.fputc                                  0x08007f64   Section        0  debug.o(i.fputc)
    i.free                                   0x08007f7c   Section        0  malloc.o(i.free)
    i.main                                   0x08007fcc   Section        0  main.o(i.main)
    i.malloc                                 0x0800814c   Section        0  malloc.o(i.malloc)
    i.sqrt                                   0x080081b8   Section        0  sqrt.o(i.sqrt)
    .constdata                               0x08008226   Section       24  system_stm32g4xx.o(.constdata)
    .constdata                               0x0800823e   Section       24  stm32g4xx_hal_uart.o(.constdata)
    .constdata                               0x08008256   Section       16  stm32g4xx_hal_uart_ex.o(.constdata)
    numerator                                0x08008256   Data           8  stm32g4xx_hal_uart_ex.o(.constdata)
    denominator                              0x0800825e   Data           8  stm32g4xx_hal_uart_ex.o(.constdata)
    .constdata                               0x08008268   Section       80  asin.o(.constdata)
    pS                                       0x08008268   Data          48  asin.o(.constdata)
    qS                                       0x08008298   Data          32  asin.o(.constdata)
    .constdata                               0x080082b8   Section      136  pow.o(.constdata)
    bp                                       0x080082b8   Data          16  pow.o(.constdata)
    dp_h                                     0x080082c8   Data          16  pow.o(.constdata)
    dp_l                                     0x080082d8   Data          16  pow.o(.constdata)
    L                                        0x080082e8   Data          48  pow.o(.constdata)
    P                                        0x08008318   Data          40  pow.o(.constdata)
    .constdata                               0x08008340   Section      152  atan.o(.constdata)
    atanhi                                   0x08008340   Data          32  atan.o(.constdata)
    atanlo                                   0x08008360   Data          32  atan.o(.constdata)
    aTodd                                    0x08008380   Data          40  atan.o(.constdata)
    aTeven                                   0x080083a8   Data          48  atan.o(.constdata)
    .constdata                               0x080083d8   Section        8  qnan.o(.constdata)
    .data                                    0x20000000   Section        4  system_stm32g4xx.o(.data)
    .data                                    0x20000004   Section        1  spl06.o(.data)
    cnt                                      0x20000004   Data           1  spl06.o(.data)
    .data                                    0x20000005   Section        1  qmc5883.o(.data)
    .data                                    0x20000008   Section       12  stm32g4xx_hal.o(.data)
    .data                                    0x20000014   Section        4  stdout.o(.data)
    .data                                    0x20000018   Section        4  mvars.o(.data)
    .data                                    0x2000001c   Section        4  mvars.o(.data)
    .data                                    0x20000020   Section        4  errno.o(.data)
    _errno                                   0x20000020   Data           4  errno.o(.data)
    .bss                                     0x20000024   Section       76  i2c.o(.bss)
    .bss                                     0x20000070   Section      200  spi.o(.bss)
    .bss                                     0x20000138   Section      152  tim.o(.bss)
    .bss                                     0x200001d0   Section      144  usart.o(.bss)
    .bss                                     0x20000260   Section       64  spl06.o(.bss)
    .bss                                     0x200002a0   Section       52  qmc5883.o(.bss)
    .bss                                     0x200002d4   Section      156  imu.o(.bss)
    acc_buff                                 0x2000034c   Data          12  imu.o(.bss)
    gyro_buff                                0x20000358   Data          12  imu.o(.bss)
    GyroIntegError                           0x20000364   Data          12  imu.o(.bss)
    HEAP                                     0x20000370   Section      512  startup_stm32g431xx.o(HEAP)
    STACK                                    0x20000570   Section     1024  startup_stm32g431xx.o(STACK)

    Global Symbols

    Symbol Name                              Value     Ov Type        Size  Object(Section)

    BuildAttributes$$THM_ISAv4$E$P$D$K$B$S$7EM$VFPi3$EXTD16$VFPS$VFMA$PE$A:L22UL41UL21$X:L11$S22US41US21$IEEE1$IW$USESV6$~STKCKD$USESV7$~SHL$OTIME$ROPI$IEEEX$EBA8$MICROLIB$REQ8$PRES8$EABIv2 0x00000000   Number         0  anon$$obj.o ABSOLUTE
    __ARM_use_no_argv                        0x00000000   Number         0  main.o ABSOLUTE
    _printf_a                                0x00000000   Number         0  stubs.o ABSOLUTE
    _printf_c                                0x00000000   Number         0  stubs.o ABSOLUTE
    _printf_charcount                        0x00000000   Number         0  stubs.o ABSOLUTE
    _printf_d                                0x00000000   Number         0  stubs.o ABSOLUTE
    _printf_e                                0x00000000   Number         0  stubs.o ABSOLUTE
    _printf_f                                0x00000000   Number         0  stubs.o ABSOLUTE
    _printf_flags                            0x00000000   Number         0  stubs.o ABSOLUTE
    _printf_fp_dec                           0x00000000   Number         0  stubs.o ABSOLUTE
    _printf_fp_hex                           0x00000000   Number         0  stubs.o ABSOLUTE
    _printf_g                                0x00000000   Number         0  stubs.o ABSOLUTE
    _printf_i                                0x00000000   Number         0  stubs.o ABSOLUTE
    _printf_int_dec                          0x00000000   Number         0  stubs.o ABSOLUTE
    _printf_l                                0x00000000   Number         0  stubs.o ABSOLUTE
    _printf_lc                               0x00000000   Number         0  stubs.o ABSOLUTE
    _printf_ll                               0x00000000   Number         0  stubs.o ABSOLUTE
    _printf_lld                              0x00000000   Number         0  stubs.o ABSOLUTE
    _printf_lli                              0x00000000   Number         0  stubs.o ABSOLUTE
    _printf_llo                              0x00000000   Number         0  stubs.o ABSOLUTE
    _printf_llu                              0x00000000   Number         0  stubs.o ABSOLUTE
    _printf_llx                              0x00000000   Number         0  stubs.o ABSOLUTE
    _printf_longlong_dec                     0x00000000   Number         0  stubs.o ABSOLUTE
    _printf_longlong_hex                     0x00000000   Number         0  stubs.o ABSOLUTE
    _printf_longlong_oct                     0x00000000   Number         0  stubs.o ABSOLUTE
    _printf_ls                               0x00000000   Number         0  stubs.o ABSOLUTE
    _printf_mbtowc                           0x00000000   Number         0  stubs.o ABSOLUTE
    _printf_n                                0x00000000   Number         0  stubs.o ABSOLUTE
    _printf_o                                0x00000000   Number         0  stubs.o ABSOLUTE
    _printf_p                                0x00000000   Number         0  stubs.o ABSOLUTE
    _printf_percent                          0x00000000   Number         0  stubs.o ABSOLUTE
    _printf_pre_padding                      0x00000000   Number         0  stubs.o ABSOLUTE
    _printf_return_value                     0x00000000   Number         0  stubs.o ABSOLUTE
    _printf_s                                0x00000000   Number         0  stubs.o ABSOLUTE
    _printf_sizespec                         0x00000000   Number         0  stubs.o ABSOLUTE
    _printf_str                              0x00000000   Number         0  stubs.o ABSOLUTE
    _printf_truncate_signed                  0x00000000   Number         0  stubs.o ABSOLUTE
    _printf_truncate_unsigned                0x00000000   Number         0  stubs.o ABSOLUTE
    _printf_u                                0x00000000   Number         0  stubs.o ABSOLUTE
    _printf_wc                               0x00000000   Number         0  stubs.o ABSOLUTE
    _printf_wctomb                           0x00000000   Number         0  stubs.o ABSOLUTE
    _printf_widthprec                        0x00000000   Number         0  stubs.o ABSOLUTE
    _printf_x                                0x00000000   Number         0  stubs.o ABSOLUTE
    __arm_fini_                               - Undefined Weak Reference
    __cpp_initialize__aeabi_                  - Undefined Weak Reference
    __cxa_finalize                            - Undefined Weak Reference
    __decompress                              - Undefined Weak Reference
    _clock_init                               - Undefined Weak Reference
    _microlib_exit                            - Undefined Weak Reference
    __Vectors_Size                           0x000001d8   Number         0  startup_stm32g431xx.o ABSOLUTE
    __Vectors                                0x08000000   Data           4  startup_stm32g431xx.o(RESET)
    __Vectors_End                            0x080001d8   Data           0  startup_stm32g431xx.o(RESET)
    __main                                   0x080001d9   Thumb Code     0  entry.o(.ARM.Collect$$$$00000000)
    _main_stk                                0x080001d9   Thumb Code     0  entry2.o(.ARM.Collect$$$$00000001)
    _main_scatterload                        0x080001dd   Thumb Code     0  entry5.o(.ARM.Collect$$$$00000004)
    __main_after_scatterload                 0x080001e1   Thumb Code     0  entry5.o(.ARM.Collect$$$$00000004)
    _main_clock                              0x080001e1   Thumb Code     0  entry7b.o(.ARM.Collect$$$$00000008)
    _main_cpp_init                           0x080001e1   Thumb Code     0  entry8b.o(.ARM.Collect$$$$0000000A)
    _main_init                               0x080001e1   Thumb Code     0  entry9a.o(.ARM.Collect$$$$0000000B)
    __rt_lib_shutdown_fini                   0x080001e9   Thumb Code     0  entry12b.o(.ARM.Collect$$$$0000000E)
    __rt_final_cpp                           0x080001ed   Thumb Code     0  entry10a.o(.ARM.Collect$$$$0000000F)
    __rt_final_exit                          0x080001ed   Thumb Code     0  entry11a.o(.ARM.Collect$$$$00000011)
    Reset_Handler                            0x080001f1   Thumb Code     8  startup_stm32g431xx.o(.text)
    ADC1_2_IRQHandler                        0x0800020b   Thumb Code     0  startup_stm32g431xx.o(.text)
    COMP1_2_3_IRQHandler                     0x0800020b   Thumb Code     0  startup_stm32g431xx.o(.text)
    COMP4_IRQHandler                         0x0800020b   Thumb Code     0  startup_stm32g431xx.o(.text)
    CORDIC_IRQHandler                        0x0800020b   Thumb Code     0  startup_stm32g431xx.o(.text)
    CRS_IRQHandler                           0x0800020b   Thumb Code     0  startup_stm32g431xx.o(.text)
    DMA1_Channel1_IRQHandler                 0x0800020b   Thumb Code     0  startup_stm32g431xx.o(.text)
    DMA1_Channel2_IRQHandler                 0x0800020b   Thumb Code     0  startup_stm32g431xx.o(.text)
    DMA1_Channel3_IRQHandler                 0x0800020b   Thumb Code     0  startup_stm32g431xx.o(.text)
    DMA1_Channel4_IRQHandler                 0x0800020b   Thumb Code     0  startup_stm32g431xx.o(.text)
    DMA1_Channel5_IRQHandler                 0x0800020b   Thumb Code     0  startup_stm32g431xx.o(.text)
    DMA1_Channel6_IRQHandler                 0x0800020b   Thumb Code     0  startup_stm32g431xx.o(.text)
    DMA2_Channel1_IRQHandler                 0x0800020b   Thumb Code     0  startup_stm32g431xx.o(.text)
    DMA2_Channel2_IRQHandler                 0x0800020b   Thumb Code     0  startup_stm32g431xx.o(.text)
    DMA2_Channel3_IRQHandler                 0x0800020b   Thumb Code     0  startup_stm32g431xx.o(.text)
    DMA2_Channel4_IRQHandler                 0x0800020b   Thumb Code     0  startup_stm32g431xx.o(.text)
    DMA2_Channel5_IRQHandler                 0x0800020b   Thumb Code     0  startup_stm32g431xx.o(.text)
    DMA2_Channel6_IRQHandler                 0x0800020b   Thumb Code     0  startup_stm32g431xx.o(.text)
    DMAMUX_OVR_IRQHandler                    0x0800020b   Thumb Code     0  startup_stm32g431xx.o(.text)
    EXTI0_IRQHandler                         0x0800020b   Thumb Code     0  startup_stm32g431xx.o(.text)
    EXTI15_10_IRQHandler                     0x0800020b   Thumb Code     0  startup_stm32g431xx.o(.text)
    EXTI1_IRQHandler                         0x0800020b   Thumb Code     0  startup_stm32g431xx.o(.text)
    EXTI2_IRQHandler                         0x0800020b   Thumb Code     0  startup_stm32g431xx.o(.text)
    EXTI3_IRQHandler                         0x0800020b   Thumb Code     0  startup_stm32g431xx.o(.text)
    EXTI4_IRQHandler                         0x0800020b   Thumb Code     0  startup_stm32g431xx.o(.text)
    EXTI9_5_IRQHandler                       0x0800020b   Thumb Code     0  startup_stm32g431xx.o(.text)
    FDCAN1_IT0_IRQHandler                    0x0800020b   Thumb Code     0  startup_stm32g431xx.o(.text)
    FDCAN1_IT1_IRQHandler                    0x0800020b   Thumb Code     0  startup_stm32g431xx.o(.text)
    FLASH_IRQHandler                         0x0800020b   Thumb Code     0  startup_stm32g431xx.o(.text)
    FMAC_IRQHandler                          0x0800020b   Thumb Code     0  startup_stm32g431xx.o(.text)
    FPU_IRQHandler                           0x0800020b   Thumb Code     0  startup_stm32g431xx.o(.text)
    I2C1_ER_IRQHandler                       0x0800020b   Thumb Code     0  startup_stm32g431xx.o(.text)
    I2C1_EV_IRQHandler                       0x0800020b   Thumb Code     0  startup_stm32g431xx.o(.text)
    I2C2_ER_IRQHandler                       0x0800020b   Thumb Code     0  startup_stm32g431xx.o(.text)
    I2C2_EV_IRQHandler                       0x0800020b   Thumb Code     0  startup_stm32g431xx.o(.text)
    I2C3_ER_IRQHandler                       0x0800020b   Thumb Code     0  startup_stm32g431xx.o(.text)
    I2C3_EV_IRQHandler                       0x0800020b   Thumb Code     0  startup_stm32g431xx.o(.text)
    LPTIM1_IRQHandler                        0x0800020b   Thumb Code     0  startup_stm32g431xx.o(.text)
    LPUART1_IRQHandler                       0x0800020b   Thumb Code     0  startup_stm32g431xx.o(.text)
    PVD_PVM_IRQHandler                       0x0800020b   Thumb Code     0  startup_stm32g431xx.o(.text)
    RCC_IRQHandler                           0x0800020b   Thumb Code     0  startup_stm32g431xx.o(.text)
    RNG_IRQHandler                           0x0800020b   Thumb Code     0  startup_stm32g431xx.o(.text)
    RTC_Alarm_IRQHandler                     0x0800020b   Thumb Code     0  startup_stm32g431xx.o(.text)
    RTC_TAMP_LSECSS_IRQHandler               0x0800020b   Thumb Code     0  startup_stm32g431xx.o(.text)
    RTC_WKUP_IRQHandler                      0x0800020b   Thumb Code     0  startup_stm32g431xx.o(.text)
    SAI1_IRQHandler                          0x0800020b   Thumb Code     0  startup_stm32g431xx.o(.text)
    SPI1_IRQHandler                          0x0800020b   Thumb Code     0  startup_stm32g431xx.o(.text)
    SPI2_IRQHandler                          0x0800020b   Thumb Code     0  startup_stm32g431xx.o(.text)
    SPI3_IRQHandler                          0x0800020b   Thumb Code     0  startup_stm32g431xx.o(.text)
    TIM1_BRK_TIM15_IRQHandler                0x0800020b   Thumb Code     0  startup_stm32g431xx.o(.text)
    TIM1_CC_IRQHandler                       0x0800020b   Thumb Code     0  startup_stm32g431xx.o(.text)
    TIM1_TRG_COM_TIM17_IRQHandler            0x0800020b   Thumb Code     0  startup_stm32g431xx.o(.text)
    TIM1_UP_TIM16_IRQHandler                 0x0800020b   Thumb Code     0  startup_stm32g431xx.o(.text)
    TIM3_IRQHandler                          0x0800020b   Thumb Code     0  startup_stm32g431xx.o(.text)
    TIM4_IRQHandler                          0x0800020b   Thumb Code     0  startup_stm32g431xx.o(.text)
    TIM6_DAC_IRQHandler                      0x0800020b   Thumb Code     0  startup_stm32g431xx.o(.text)
    TIM7_IRQHandler                          0x0800020b   Thumb Code     0  startup_stm32g431xx.o(.text)
    TIM8_BRK_IRQHandler                      0x0800020b   Thumb Code     0  startup_stm32g431xx.o(.text)
    TIM8_CC_IRQHandler                       0x0800020b   Thumb Code     0  startup_stm32g431xx.o(.text)
    TIM8_TRG_COM_IRQHandler                  0x0800020b   Thumb Code     0  startup_stm32g431xx.o(.text)
    TIM8_UP_IRQHandler                       0x0800020b   Thumb Code     0  startup_stm32g431xx.o(.text)
    UART4_IRQHandler                         0x0800020b   Thumb Code     0  startup_stm32g431xx.o(.text)
    UCPD1_IRQHandler                         0x0800020b   Thumb Code     0  startup_stm32g431xx.o(.text)
    USART1_IRQHandler                        0x0800020b   Thumb Code     0  startup_stm32g431xx.o(.text)
    USART2_IRQHandler                        0x0800020b   Thumb Code     0  startup_stm32g431xx.o(.text)
    USART3_IRQHandler                        0x0800020b   Thumb Code     0  startup_stm32g431xx.o(.text)
    USBWakeUp_IRQHandler                     0x0800020b   Thumb Code     0  startup_stm32g431xx.o(.text)
    USB_HP_IRQHandler                        0x0800020b   Thumb Code     0  startup_stm32g431xx.o(.text)
    USB_LP_IRQHandler                        0x0800020b   Thumb Code     0  startup_stm32g431xx.o(.text)
    WWDG_IRQHandler                          0x0800020b   Thumb Code     0  startup_stm32g431xx.o(.text)
    __aeabi_uldivmod                         0x08000215   Thumb Code    98  uldiv.o(.text)
    __aeabi_memset                           0x08000277   Thumb Code    14  memseta.o(.text)
    __aeabi_memset4                          0x08000277   Thumb Code     0  memseta.o(.text)
    __aeabi_memset8                          0x08000277   Thumb Code     0  memseta.o(.text)
    __aeabi_memclr                           0x08000285   Thumb Code     4  memseta.o(.text)
    __aeabi_memclr4                          0x08000285   Thumb Code     0  memseta.o(.text)
    __aeabi_memclr8                          0x08000285   Thumb Code     0  memseta.o(.text)
    _memset$wrapper                          0x08000289   Thumb Code    18  memseta.o(.text)
    __aeabi_dadd                             0x0800029b   Thumb Code   322  dadd.o(.text)
    __aeabi_dsub                             0x080003dd   Thumb Code     6  dadd.o(.text)
    __aeabi_drsub                            0x080003e3   Thumb Code     6  dadd.o(.text)
    __aeabi_dmul                             0x080003e9   Thumb Code   228  dmul.o(.text)
    __aeabi_ddiv                             0x080004cd   Thumb Code   222  ddiv.o(.text)
    __aeabi_i2d                              0x080005ab   Thumb Code    34  dflti.o(.text)
    __aeabi_f2d                              0x080005cd   Thumb Code    38  f2d.o(.text)
    __aeabi_d2f                              0x080005f3   Thumb Code    56  d2f.o(.text)
    __aeabi_uidiv                            0x0800062b   Thumb Code     0  uidiv.o(.text)
    __aeabi_uidivmod                         0x0800062b   Thumb Code    44  uidiv.o(.text)
    __aeabi_llsl                             0x08000657   Thumb Code    30  llshl.o(.text)
    _ll_shift_l                              0x08000657   Thumb Code     0  llshl.o(.text)
    __aeabi_llsr                             0x08000675   Thumb Code    32  llushr.o(.text)
    _ll_ushift_r                             0x08000675   Thumb Code     0  llushr.o(.text)
    __aeabi_lasr                             0x08000695   Thumb Code    36  llsshr.o(.text)
    _ll_sshift_r                             0x08000695   Thumb Code     0  llsshr.o(.text)
    __I$use$fp                               0x080006b9   Thumb Code     0  iusefp.o(.text)
    _float_round                             0x080006b9   Thumb Code    18  fepilogue.o(.text)
    _float_epilogue                          0x080006cb   Thumb Code    92  fepilogue.o(.text)
    _double_round                            0x08000727   Thumb Code    30  depilogue.o(.text)
    _double_epilogue                         0x08000745   Thumb Code   156  depilogue.o(.text)
    __ARM_scalbn                             0x080007e1   Thumb Code    46  dscalb.o(.text)
    scalbn                                   0x080007e1   Thumb Code     0  dscalb.o(.text)
    _dsqrt                                   0x0800080f   Thumb Code   162  dsqrt.o(.text)
    __aeabi_d2ulz                            0x080008b1   Thumb Code    48  dfixul.o(.text)
    __aeabi_cdcmpeq                          0x080008e1   Thumb Code     0  cdcmple.o(.text)
    __aeabi_cdcmple                          0x080008e1   Thumb Code    48  cdcmple.o(.text)
    __aeabi_cdrcmple                         0x08000911   Thumb Code    48  cdrcmple.o(.text)
    __scatterload                            0x08000941   Thumb Code    28  init.o(.text)
    __scatterload_rt2                        0x08000941   Thumb Code     0  init.o(.text)
    BMI088_CONF_INIT                         0x08000965   Thumb Code   160  bmi088.o(i.BMI088_CONF_INIT)
    BMI088_INIT                              0x08000a09   Thumb Code    76  bmi088.o(i.BMI088_INIT)
    BusFault_Handler                         0x08000a59   Thumb Code     4  stm32g4xx_it.o(i.BusFault_Handler)
    DebugMon_Handler                         0x08000a5d   Thumb Code     2  stm32g4xx_it.o(i.DebugMon_Handler)
    Error_Handler                            0x08000a5f   Thumb Code     6  main.o(i.Error_Handler)
    HAL_Delay                                0x08000a65   Thumb Code    36  stm32g4xx_hal.o(i.HAL_Delay)
    HAL_GPIO_Init                            0x08000a8d   Thumb Code   428  stm32g4xx_hal_gpio.o(i.HAL_GPIO_Init)
    HAL_GPIO_TogglePin                       0x08000c59   Thumb Code    20  stm32g4xx_hal_gpio.o(i.HAL_GPIO_TogglePin)
    HAL_GPIO_WritePin                        0x08000c6d   Thumb Code    10  stm32g4xx_hal_gpio.o(i.HAL_GPIO_WritePin)
    HAL_GetTick                              0x08000c79   Thumb Code     6  stm32g4xx_hal.o(i.HAL_GetTick)
    HAL_I2CEx_ConfigAnalogFilter             0x08000c85   Thumb Code   106  stm32g4xx_hal_i2c_ex.o(i.HAL_I2CEx_ConfigAnalogFilter)
    HAL_I2CEx_ConfigDigitalFilter            0x08000cef   Thumb Code   104  stm32g4xx_hal_i2c_ex.o(i.HAL_I2CEx_ConfigDigitalFilter)
    HAL_I2C_Init                             0x08000d59   Thumb Code   192  stm32g4xx_hal_i2c.o(i.HAL_I2C_Init)
    HAL_I2C_Mem_Read                         0x08000e1d   Thumb Code   408  stm32g4xx_hal_i2c.o(i.HAL_I2C_Mem_Read)
    HAL_I2C_Mem_Write                        0x08000fbd   Thumb Code   402  stm32g4xx_hal_i2c.o(i.HAL_I2C_Mem_Write)
    HAL_I2C_MspInit                          0x08001155   Thumb Code   192  i2c.o(i.HAL_I2C_MspInit)
    HAL_IncTick                              0x08001221   Thumb Code    16  stm32g4xx_hal.o(i.HAL_IncTick)
    HAL_Init                                 0x08001239   Thumb Code    30  stm32g4xx_hal.o(i.HAL_Init)
    HAL_InitTick                             0x08001259   Thumb Code    74  stm32g4xx_hal.o(i.HAL_InitTick)
    HAL_MspInit                              0x080012b1   Thumb Code    62  stm32g4xx_hal_msp.o(i.HAL_MspInit)
    HAL_NVIC_EnableIRQ                       0x080012f5   Thumb Code    40  stm32g4xx_hal_cortex.o(i.HAL_NVIC_EnableIRQ)
    HAL_NVIC_SetPriority                     0x0800131d   Thumb Code   122  stm32g4xx_hal_cortex.o(i.HAL_NVIC_SetPriority)
    HAL_NVIC_SetPriorityGrouping             0x08001399   Thumb Code    32  stm32g4xx_hal_cortex.o(i.HAL_NVIC_SetPriorityGrouping)
    HAL_PWREx_ControlVoltageScaling          0x080013c1   Thumb Code   268  stm32g4xx_hal_pwr_ex.o(i.HAL_PWREx_ControlVoltageScaling)
    HAL_PWREx_DisableUCPDDeadBattery         0x080014d9   Thumb Code    14  stm32g4xx_hal_pwr_ex.o(i.HAL_PWREx_DisableUCPDDeadBattery)
    HAL_RCCEx_PeriphCLKConfig                0x080014ed   Thumb Code   872  stm32g4xx_hal_rcc_ex.o(i.HAL_RCCEx_PeriphCLKConfig)
    HAL_RCC_ClockConfig                      0x0800185d   Thumb Code   522  stm32g4xx_hal_rcc.o(i.HAL_RCC_ClockConfig)
    HAL_RCC_GetHCLKFreq                      0x08001a81   Thumb Code     6  stm32g4xx_hal_rcc.o(i.HAL_RCC_GetHCLKFreq)
    HAL_RCC_GetPCLK1Freq                     0x08001a8d   Thumb Code    26  stm32g4xx_hal_rcc.o(i.HAL_RCC_GetPCLK1Freq)
    HAL_RCC_GetPCLK2Freq                     0x08001ab1   Thumb Code    26  stm32g4xx_hal_rcc.o(i.HAL_RCC_GetPCLK2Freq)
    HAL_RCC_GetSysClockFreq                  0x08001ad5   Thumb Code   138  stm32g4xx_hal_rcc.o(i.HAL_RCC_GetSysClockFreq)
    HAL_RCC_OscConfig                        0x08001b6d   Thumb Code  1370  stm32g4xx_hal_rcc.o(i.HAL_RCC_OscConfig)
    HAL_SPI_GetState                         0x080020d5   Thumb Code     8  stm32g4xx_hal_spi.o(i.HAL_SPI_GetState)
    HAL_SPI_Init                             0x080020dd   Thumb Code   252  stm32g4xx_hal_spi.o(i.HAL_SPI_Init)
    HAL_SPI_MspInit                          0x080021d9   Thumb Code   200  spi.o(i.HAL_SPI_MspInit)
    HAL_SPI_Receive                          0x080022b1   Thumb Code   422  stm32g4xx_hal_spi.o(i.HAL_SPI_Receive)
    HAL_SPI_Transmit                         0x08002457   Thumb Code   490  stm32g4xx_hal_spi.o(i.HAL_SPI_Transmit)
    HAL_SPI_TransmitReceive                  0x08002641   Thumb Code   700  stm32g4xx_hal_spi.o(i.HAL_SPI_TransmitReceive)
    HAL_SYSTICK_Config                       0x080028fd   Thumb Code    52  stm32g4xx_hal_cortex.o(i.HAL_SYSTICK_Config)
    HAL_TIMEx_Break2Callback                 0x08002931   Thumb Code     2  stm32g4xx_hal_tim_ex.o(i.HAL_TIMEx_Break2Callback)
    HAL_TIMEx_BreakCallback                  0x08002933   Thumb Code     2  stm32g4xx_hal_tim_ex.o(i.HAL_TIMEx_BreakCallback)
    HAL_TIMEx_CommutCallback                 0x08002935   Thumb Code     2  stm32g4xx_hal_tim_ex.o(i.HAL_TIMEx_CommutCallback)
    HAL_TIMEx_DirectionChangeCallback        0x08002937   Thumb Code     2  stm32g4xx_hal_tim_ex.o(i.HAL_TIMEx_DirectionChangeCallback)
    HAL_TIMEx_EncoderIndexCallback           0x08002939   Thumb Code     2  stm32g4xx_hal_tim_ex.o(i.HAL_TIMEx_EncoderIndexCallback)
    HAL_TIMEx_IndexErrorCallback             0x0800293b   Thumb Code     2  stm32g4xx_hal_tim_ex.o(i.HAL_TIMEx_IndexErrorCallback)
    HAL_TIMEx_MasterConfigSynchronization    0x0800293d   Thumb Code   158  stm32g4xx_hal_tim_ex.o(i.HAL_TIMEx_MasterConfigSynchronization)
    HAL_TIMEx_TransitionErrorCallback        0x080029f5   Thumb Code     2  stm32g4xx_hal_tim_ex.o(i.HAL_TIMEx_TransitionErrorCallback)
    HAL_TIM_Base_Init                        0x080029f7   Thumb Code   110  stm32g4xx_hal_tim.o(i.HAL_TIM_Base_Init)
    HAL_TIM_Base_MspInit                     0x08002a65   Thumb Code    96  tim.o(i.HAL_TIM_Base_MspInit)
    HAL_TIM_Base_Start                       0x08002acd   Thumb Code   118  stm32g4xx_hal_tim.o(i.HAL_TIM_Base_Start)
    HAL_TIM_ConfigClockSource                0x08002b5d   Thumb Code   300  stm32g4xx_hal_tim.o(i.HAL_TIM_ConfigClockSource)
    HAL_TIM_IC_CaptureCallback               0x08002c91   Thumb Code     2  stm32g4xx_hal_tim.o(i.HAL_TIM_IC_CaptureCallback)
    HAL_TIM_IRQHandler                       0x08002c93   Thumb Code   576  stm32g4xx_hal_tim.o(i.HAL_TIM_IRQHandler)
    HAL_TIM_OC_DelayElapsedCallback          0x08002ed3   Thumb Code     2  stm32g4xx_hal_tim.o(i.HAL_TIM_OC_DelayElapsedCallback)
    HAL_TIM_PWM_PulseFinishedCallback        0x08002ed5   Thumb Code     2  stm32g4xx_hal_tim.o(i.HAL_TIM_PWM_PulseFinishedCallback)
    HAL_TIM_PeriodElapsedCallback            0x08002ed7   Thumb Code     2  stm32g4xx_hal_tim.o(i.HAL_TIM_PeriodElapsedCallback)
    HAL_TIM_TriggerCallback                  0x08002ed9   Thumb Code     2  stm32g4xx_hal_tim.o(i.HAL_TIM_TriggerCallback)
    HAL_UARTEx_DisableFifoMode               0x08002edb   Thumb Code    78  stm32g4xx_hal_uart_ex.o(i.HAL_UARTEx_DisableFifoMode)
    HAL_UARTEx_SetRxFifoThreshold            0x08002f29   Thumb Code    94  stm32g4xx_hal_uart_ex.o(i.HAL_UARTEx_SetRxFifoThreshold)
    HAL_UARTEx_SetTxFifoThreshold            0x08002f87   Thumb Code    94  stm32g4xx_hal_uart_ex.o(i.HAL_UARTEx_SetTxFifoThreshold)
    HAL_UART_Init                            0x08002fe5   Thumb Code   120  stm32g4xx_hal_uart.o(i.HAL_UART_Init)
    HAL_UART_MspInit                         0x0800305d   Thumb Code   138  usart.o(i.HAL_UART_MspInit)
    HAL_UART_Transmit                        0x080030f1   Thumb Code   214  stm32g4xx_hal_uart.o(i.HAL_UART_Transmit)
    HardFault_Handler                        0x080031c7   Thumb Code     4  stm32g4xx_it.o(i.HardFault_Handler)
    IMU_get_origion_data                     0x0800357d   Thumb Code   808  imu.o(i.IMU_get_origion_data)
    MX_GPIO_Init                             0x080038c9   Thumb Code   208  gpio.o(i.MX_GPIO_Init)
    MX_I2C1_Init                             0x080039a1   Thumb Code    74  i2c.o(i.MX_I2C1_Init)
    MX_SPI1_Init                             0x080039f9   Thumb Code    72  spi.o(i.MX_SPI1_Init)
    MX_SPI2_Init                             0x08003a49   Thumb Code    72  spi.o(i.MX_SPI2_Init)
    MX_TIM16_Init                            0x08003a99   Thumb Code    42  tim.o(i.MX_TIM16_Init)
    MX_TIM2_Init                             0x08003acd   Thumb Code   106  tim.o(i.MX_TIM2_Init)
    MX_USART1_UART_Init                      0x08003b3d   Thumb Code    98  usart.o(i.MX_USART1_UART_Init)
    MahonyAHRS                               0x08003ba9   Thumb Code    72  imu.o(i.MahonyAHRS)
    MemManage_Handler                        0x08003bf9   Thumb Code     4  stm32g4xx_it.o(i.MemManage_Handler)
    NMI_Handler                              0x08003bfd   Thumb Code     4  stm32g4xx_it.o(i.NMI_Handler)
    PendSV_Handler                           0x08003c01   Thumb Code     2  stm32g4xx_it.o(i.PendSV_Handler)
    QMC5883L_Init                            0x08003c05   Thumb Code   154  qmc5883.o(i.QMC5883L_Init)
    QMC5883L_Read_TEMP                       0x08003ca5   Thumb Code    88  qmc5883.o(i.QMC5883L_Read_TEMP)
    QMC5883L_Read_XYZ                        0x08003d09   Thumb Code   486  qmc5883.o(i.QMC5883L_Read_XYZ)
    QMC5883L_Register_Read                   0x08003f01   Thumb Code    40  qmc5883.o(i.QMC5883L_Register_Read)
    QMC5883L_Register_Write                  0x08003f2d   Thumb Code    34  qmc5883.o(i.QMC5883L_Register_Write)
    QMC5883_GetOffSet                        0x08003f55   Thumb Code    44  qmc5883.o(i.QMC5883_GetOffSet)
    Q_rsqrt                                  0x08003f89   Thumb Code    64  imu.o(i.Q_rsqrt)
    ReadAccData                              0x08004035   Thumb Code   154  bmi088.o(i.ReadAccData)
    ReadMultiDataFromAcc                     0x080040d5   Thumb Code   162  bmi088.o(i.ReadMultiDataFromAcc)
    ReadMultiDataFromGyro                    0x08004181   Thumb Code    74  bmi088.o(i.ReadMultiDataFromGyro)
    ReadSingleDataFromAcc                    0x080041d5   Thumb Code   102  bmi088.o(i.ReadSingleDataFromAcc)
    ReadSingleDataFromGyro                   0x08004245   Thumb Code   102  bmi088.o(i.ReadSingleDataFromGyro)
    SPL06_Init                               0x0800456d   Thumb Code   166  spl06.o(i.SPL06_Init)
    SPL_06_Config_Mode                       0x08004629   Thumb Code    14  spl06.o(i.SPL_06_Config_Mode)
    SPL_06_Config_Pres                       0x08004639   Thumb Code   178  spl06.o(i.SPL_06_Config_Pres)
    SPL_06_Config_Temp                       0x0800470d   Thumb Code   182  spl06.o(i.SPL_06_Config_Temp)
    SPL_06_Get_Height                        0x080047e5   Thumb Code   444  spl06.o(i.SPL_06_Get_Height)
    SPL_06_Read_COEF                         0x080049c5   Thumb Code   322  spl06.o(i.SPL_06_Read_COEF)
    SPL_06_Read_Reg                          0x08004b11   Thumb Code   106  spl06.o(i.SPL_06_Read_Reg)
    SPL_06_Write_Reg                         0x08004b85   Thumb Code    80  spl06.o(i.SPL_06_Write_Reg)
    SVC_Handler                              0x08004bdd   Thumb Code     2  stm32g4xx_it.o(i.SVC_Handler)
    SysTick_Handler                          0x08004bdf   Thumb Code     8  stm32g4xx_it.o(i.SysTick_Handler)
    SystemClock_Config                       0x08004be7   Thumb Code   104  main.o(i.SystemClock_Config)
    SystemInit                               0x08004c51   Thumb Code    14  system_stm32g4xx.o(i.SystemInit)
    TIM2_IRQHandler                          0x08004c65   Thumb Code    10  stm32g4xx_it.o(i.TIM2_IRQHandler)
    TIM_Base_SetConfig                       0x08004c75   Thumb Code   158  stm32g4xx_hal_tim.o(i.TIM_Base_SetConfig)
    TIM_ETR_SetConfig                        0x08004d31   Thumb Code    22  stm32g4xx_hal_tim.o(i.TIM_ETR_SetConfig)
    UART_AdvFeatureConfig                    0x08004e09   Thumb Code   248  stm32g4xx_hal_uart.o(i.UART_AdvFeatureConfig)
    UART_CheckIdleState                      0x08004f01   Thumb Code   118  stm32g4xx_hal_uart.o(i.UART_CheckIdleState)
    UART_SetConfig                           0x08004f79   Thumb Code   858  stm32g4xx_hal_uart.o(i.UART_SetConfig)
    UART_WaitOnFlagUntilTimeout              0x080052fd   Thumb Code   254  stm32g4xx_hal_uart.o(i.UART_WaitOnFlagUntilTimeout)
    Update                                   0x080053fd   Thumb Code  1754  imu.o(i.Update)
    UsageFault_Handler                       0x08005ae9   Thumb Code     4  stm32g4xx_it.o(i.UsageFault_Handler)
    VerifyAccChipID                          0x08005aed   Thumb Code    26  bmi088.o(i.VerifyAccChipID)
    VerifyAccSelfTest                        0x08005b09   Thumb Code   152  bmi088.o(i.VerifyAccSelfTest)
    VerifyGyroChipID                         0x08005ba5   Thumb Code    26  bmi088.o(i.VerifyGyroChipID)
    WriteDataToAcc                           0x08005bc1   Thumb Code   110  bmi088.o(i.WriteDataToAcc)
    WriteDataToGyro                          0x08005c39   Thumb Code    78  bmi088.o(i.WriteDataToGyro)
    __0printf                                0x08005c91   Thumb Code    22  printfa.o(i.__0printf)
    __1printf                                0x08005c91   Thumb Code     0  printfa.o(i.__0printf)
    __2printf                                0x08005c91   Thumb Code     0  printfa.o(i.__0printf)
    __c89printf                              0x08005c91   Thumb Code     0  printfa.o(i.__0printf)
    printf                                   0x08005c91   Thumb Code     0  printfa.o(i.__0printf)
    __ARM_fpclassify                         0x08005cb1   Thumb Code    48  fpclassify.o(i.__ARM_fpclassify)
    __ARM_fpclassifyf                        0x08005ce1   Thumb Code    38  fpclassifyf.o(i.__ARM_fpclassifyf)
    __hardfp_asin                            0x08005d41   Thumb Code   770  asin.o(i.__hardfp_asin)
    __hardfp_atan                            0x080060a1   Thumb Code   622  atan.o(i.__hardfp_atan)
    __hardfp_atan2                           0x08006379   Thumb Code   448  atan2.o(i.__hardfp_atan2)
    __hardfp_atan2f                          0x08006579   Thumb Code   594  atan2f.o(i.__hardfp_atan2f)
    __hardfp_pow                             0x08006829   Thumb Code  3072  pow.o(i.__hardfp_pow)
    __kernel_poly                            0x08007479   Thumb Code   248  poly.o(i.__kernel_poly)
    __mathlib_dbl_divzero                    0x08007571   Thumb Code    28  dunder.o(i.__mathlib_dbl_divzero)
    __mathlib_dbl_infnan                     0x080075a1   Thumb Code    20  dunder.o(i.__mathlib_dbl_infnan)
    __mathlib_dbl_infnan2                    0x080075b5   Thumb Code    20  dunder.o(i.__mathlib_dbl_infnan2)
    __mathlib_dbl_invalid                    0x080075c9   Thumb Code    24  dunder.o(i.__mathlib_dbl_invalid)
    __mathlib_dbl_overflow                   0x080075e9   Thumb Code    24  dunder.o(i.__mathlib_dbl_overflow)
    __mathlib_dbl_underflow                  0x08007609   Thumb Code    24  dunder.o(i.__mathlib_dbl_underflow)
    __mathlib_flt_infnan2                    0x08007629   Thumb Code     6  funder.o(i.__mathlib_flt_infnan2)
    __mathlib_flt_underflow                  0x08007631   Thumb Code    10  funder.o(i.__mathlib_flt_underflow)
    __scatterload_copy                       0x08007641   Thumb Code    14  handlers.o(i.__scatterload_copy)
    __scatterload_null                       0x0800764f   Thumb Code     2  handlers.o(i.__scatterload_null)
    __scatterload_zeroinit                   0x08007651   Thumb Code    14  handlers.o(i.__scatterload_zeroinit)
    __set_errno                              0x08007661   Thumb Code     6  errno.o(i.__set_errno)
    atan                                     0x08007ef7   Thumb Code    16  atan.o(i.atan)
    delay_us                                 0x08007f09   Thumb Code    64  mdelay.o(i.delay_us)
    fabs                                     0x08007f4d   Thumb Code    24  fabs.o(i.fabs)
    fputc                                    0x08007f65   Thumb Code    20  debug.o(i.fputc)
    free                                     0x08007f7d   Thumb Code    76  malloc.o(i.free)
    main                                     0x08007fcd   Thumb Code   328  main.o(i.main)
    malloc                                   0x0800814d   Thumb Code    92  malloc.o(i.malloc)
    sqrt                                     0x080081b9   Thumb Code   110  sqrt.o(i.sqrt)
    AHBPrescTable                            0x08008226   Data          16  system_stm32g4xx.o(.constdata)
    APBPrescTable                            0x08008236   Data           8  system_stm32g4xx.o(.constdata)
    UARTPrescTable                           0x0800823e   Data          24  stm32g4xx_hal_uart.o(.constdata)
    __mathlib_zero                           0x080083d8   Data           8  qnan.o(.constdata)
    Region$$Table$$Base                      0x080083e0   Number         0  anon$$obj.o(Region$$Table)
    Region$$Table$$Limit                     0x08008400   Number         0  anon$$obj.o(Region$$Table)
    SystemCoreClock                          0x20000000   Data           4  system_stm32g4xx.o(.data)
    QMC5883err                               0x20000005   Data           1  qmc5883.o(.data)
    uwTick                                   0x20000008   Data           4  stm32g4xx_hal.o(.data)
    uwTickPrio                               0x2000000c   Data           4  stm32g4xx_hal.o(.data)
    uwTickFreq                               0x20000010   Data           4  stm32g4xx_hal.o(.data)
    __stdout                                 0x20000014   Data           4  stdout.o(.data)
    __microlib_freelist                      0x20000018   Data           4  mvars.o(.data)
    __microlib_freelist_initialised          0x2000001c   Data           4  mvars.o(.data)
    hi2c1                                    0x20000024   Data          76  i2c.o(.bss)
    hspi1                                    0x20000070   Data         100  spi.o(.bss)
    hspi2                                    0x200000d4   Data         100  spi.o(.bss)
    htim2                                    0x20000138   Data          76  tim.o(.bss)
    htim16                                   0x20000184   Data          76  tim.o(.bss)
    huart1                                   0x200001d0   Data         144  usart.o(.bss)
    spl06                                    0x20000260   Data          64  spl06.o(.bss)
    QMC5883LSample                           0x200002a0   Data          52  qmc5883.o(.bss)
    dev                                      0x200002d4   Data         120  imu.o(.bss)
    __heap_base                              0x20000370   Data           0  startup_stm32g431xx.o(HEAP)
    __heap_limit                             0x20000570   Data           0  startup_stm32g431xx.o(HEAP)
    __initial_sp                             0x20000970   Data           0  startup_stm32g431xx.o(STACK)



==============================================================================

Memory Map of the image

  Image Entry point : 0x080001d9

  Load Region LR_IROM1 (Base: 0x08000000, Size: 0x00008424, Max: 0x00020000, ABSOLUTE)

    Execution Region ER_IROM1 (Exec base: 0x08000000, Load base: 0x08000000, Size: 0x00008400, Max: 0x00020000, ABSOLUTE)

    Exec Addr    Load Addr    Size         Type   Attr      Idx    E Section Name        Object

    0x08000000   0x08000000   0x000001d8   Data   RO            3    RESET               startup_stm32g431xx.o
    0x080001d8   0x080001d8   0x00000000   Code   RO         5222  * .ARM.Collect$$$$00000000  mc_w.l(entry.o)
    0x080001d8   0x080001d8   0x00000004   Code   RO         5589    .ARM.Collect$$$$00000001  mc_w.l(entry2.o)
    0x080001dc   0x080001dc   0x00000004   Code   RO         5592    .ARM.Collect$$$$00000004  mc_w.l(entry5.o)
    0x080001e0   0x080001e0   0x00000000   Code   RO         5594    .ARM.Collect$$$$00000008  mc_w.l(entry7b.o)
    0x080001e0   0x080001e0   0x00000000   Code   RO         5596    .ARM.Collect$$$$0000000A  mc_w.l(entry8b.o)
    0x080001e0   0x080001e0   0x00000008   Code   RO         5597    .ARM.Collect$$$$0000000B  mc_w.l(entry9a.o)
    0x080001e8   0x080001e8   0x00000004   Code   RO         5604    .ARM.Collect$$$$0000000E  mc_w.l(entry12b.o)
    0x080001ec   0x080001ec   0x00000000   Code   RO         5599    .ARM.Collect$$$$0000000F  mc_w.l(entry10a.o)
    0x080001ec   0x080001ec   0x00000000   Code   RO         5601    .ARM.Collect$$$$00000011  mc_w.l(entry11a.o)
    0x080001ec   0x080001ec   0x00000004   Code   RO         5590    .ARM.Collect$$$$00002712  mc_w.l(entry2.o)
    0x080001f0   0x080001f0   0x00000024   Code   RO            4    .text               startup_stm32g431xx.o
    0x08000214   0x08000214   0x00000062   Code   RO         5225    .text               mc_w.l(uldiv.o)
    0x08000276   0x08000276   0x00000024   Code   RO         5227    .text               mc_w.l(memseta.o)
    0x0800029a   0x0800029a   0x0000014e   Code   RO         5518    .text               mf_w.l(dadd.o)
    0x080003e8   0x080003e8   0x000000e4   Code   RO         5520    .text               mf_w.l(dmul.o)
    0x080004cc   0x080004cc   0x000000de   Code   RO         5522    .text               mf_w.l(ddiv.o)
    0x080005aa   0x080005aa   0x00000022   Code   RO         5524    .text               mf_w.l(dflti.o)
    0x080005cc   0x080005cc   0x00000026   Code   RO         5530    .text               mf_w.l(f2d.o)
    0x080005f2   0x080005f2   0x00000038   Code   RO         5532    .text               mf_w.l(d2f.o)
    0x0800062a   0x0800062a   0x0000002c   Code   RO         5606    .text               mc_w.l(uidiv.o)
    0x08000656   0x08000656   0x0000001e   Code   RO         5608    .text               mc_w.l(llshl.o)
    0x08000674   0x08000674   0x00000020   Code   RO         5610    .text               mc_w.l(llushr.o)
    0x08000694   0x08000694   0x00000024   Code   RO         5612    .text               mc_w.l(llsshr.o)
    0x080006b8   0x080006b8   0x00000000   Code   RO         5627    .text               mc_w.l(iusefp.o)
    0x080006b8   0x080006b8   0x0000006e   Code   RO         5628    .text               mf_w.l(fepilogue.o)
    0x08000726   0x08000726   0x000000ba   Code   RO         5630    .text               mf_w.l(depilogue.o)
    0x080007e0   0x080007e0   0x0000002e   Code   RO         5634    .text               mf_w.l(dscalb.o)
    0x0800080e   0x0800080e   0x000000a2   Code   RO         5636    .text               mf_w.l(dsqrt.o)
    0x080008b0   0x080008b0   0x00000030   Code   RO         5638    .text               mf_w.l(dfixul.o)
    0x080008e0   0x080008e0   0x00000030   Code   RO         5640    .text               mf_w.l(cdcmple.o)
    0x08000910   0x08000910   0x00000030   Code   RO         5642    .text               mf_w.l(cdrcmple.o)
    0x08000940   0x08000940   0x00000024   Code   RO         5644    .text               mc_w.l(init.o)
    0x08000964   0x08000964   0x000000a4   Code   RO          593    i.BMI088_CONF_INIT  bmi088.o
    0x08000a08   0x08000a08   0x00000050   Code   RO          594    i.BMI088_INIT       bmi088.o
    0x08000a58   0x08000a58   0x00000004   Code   RO          451    i.BusFault_Handler  stm32g4xx_it.o
    0x08000a5c   0x08000a5c   0x00000002   Code   RO          452    i.DebugMon_Handler  stm32g4xx_it.o
    0x08000a5e   0x08000a5e   0x00000006   Code   RO          168    i.Error_Handler     main.o
    0x08000a64   0x08000a64   0x00000028   Code   RO         1579    i.HAL_Delay         stm32g4xx_hal.o
    0x08000a8c   0x08000a8c   0x000001cc   Code   RO         2330    i.HAL_GPIO_Init     stm32g4xx_hal_gpio.o
    0x08000c58   0x08000c58   0x00000014   Code   RO         2333    i.HAL_GPIO_TogglePin  stm32g4xx_hal_gpio.o
    0x08000c6c   0x08000c6c   0x0000000a   Code   RO         2334    i.HAL_GPIO_WritePin  stm32g4xx_hal_gpio.o
    0x08000c76   0x08000c76   0x00000002   PAD
    0x08000c78   0x08000c78   0x0000000c   Code   RO         1583    i.HAL_GetTick       stm32g4xx_hal.o
    0x08000c84   0x08000c84   0x0000006a   Code   RO         1518    i.HAL_I2CEx_ConfigAnalogFilter  stm32g4xx_hal_i2c_ex.o
    0x08000cee   0x08000cee   0x00000068   Code   RO         1519    i.HAL_I2CEx_ConfigDigitalFilter  stm32g4xx_hal_i2c_ex.o
    0x08000d56   0x08000d56   0x00000002   PAD
    0x08000d58   0x08000d58   0x000000c4   Code   RO         1067    i.HAL_I2C_Init      stm32g4xx_hal_i2c.o
    0x08000e1c   0x08000e1c   0x000001a0   Code   RO         1085    i.HAL_I2C_Mem_Read  stm32g4xx_hal_i2c.o
    0x08000fbc   0x08000fbc   0x00000198   Code   RO         1088    i.HAL_I2C_Mem_Write  stm32g4xx_hal_i2c.o
    0x08001154   0x08001154   0x000000cc   Code   RO          272    i.HAL_I2C_MspInit   i2c.o
    0x08001220   0x08001220   0x00000018   Code   RO         1586    i.HAL_IncTick       stm32g4xx_hal.o
    0x08001238   0x08001238   0x0000001e   Code   RO         1587    i.HAL_Init          stm32g4xx_hal.o
    0x08001256   0x08001256   0x00000002   PAD
    0x08001258   0x08001258   0x00000058   Code   RO         1588    i.HAL_InitTick      stm32g4xx_hal.o
    0x080012b0   0x080012b0   0x00000044   Code   RO          532    i.HAL_MspInit       stm32g4xx_hal_msp.o
    0x080012f4   0x080012f4   0x00000028   Code   RO         2977    i.HAL_NVIC_EnableIRQ  stm32g4xx_hal_cortex.o
    0x0800131c   0x0800131c   0x0000007a   Code   RO         2983    i.HAL_NVIC_SetPriority  stm32g4xx_hal_cortex.o
    0x08001396   0x08001396   0x00000002   PAD
    0x08001398   0x08001398   0x00000028   Code   RO         2984    i.HAL_NVIC_SetPriorityGrouping  stm32g4xx_hal_cortex.o
    0x080013c0   0x080013c0   0x00000118   Code   RO         2733    i.HAL_PWREx_ControlVoltageScaling  stm32g4xx_hal_pwr_ex.o
    0x080014d8   0x080014d8   0x00000014   Code   RO         2745    i.HAL_PWREx_DisableUCPDDeadBattery  stm32g4xx_hal_pwr_ex.o
    0x080014ec   0x080014ec   0x00000370   Code   RO         1937    i.HAL_RCCEx_PeriphCLKConfig  stm32g4xx_hal_rcc_ex.o
    0x0800185c   0x0800185c   0x00000224   Code   RO         1807    i.HAL_RCC_ClockConfig  stm32g4xx_hal_rcc.o
    0x08001a80   0x08001a80   0x0000000c   Code   RO         1813    i.HAL_RCC_GetHCLKFreq  stm32g4xx_hal_rcc.o
    0x08001a8c   0x08001a8c   0x00000024   Code   RO         1815    i.HAL_RCC_GetPCLK1Freq  stm32g4xx_hal_rcc.o
    0x08001ab0   0x08001ab0   0x00000024   Code   RO         1816    i.HAL_RCC_GetPCLK2Freq  stm32g4xx_hal_rcc.o
    0x08001ad4   0x08001ad4   0x00000098   Code   RO         1817    i.HAL_RCC_GetSysClockFreq  stm32g4xx_hal_rcc.o
    0x08001b6c   0x08001b6c   0x00000568   Code   RO         1820    i.HAL_RCC_OscConfig  stm32g4xx_hal_rcc.o
    0x080020d4   0x080020d4   0x00000008   Code   RO         3121    i.HAL_SPI_GetState  stm32g4xx_hal_spi.o
    0x080020dc   0x080020dc   0x000000fc   Code   RO         3123    i.HAL_SPI_Init      stm32g4xx_hal_spi.o
    0x080021d8   0x080021d8   0x000000d8   Code   RO          314    i.HAL_SPI_MspInit   spi.o
    0x080022b0   0x080022b0   0x000001a6   Code   RO         3126    i.HAL_SPI_Receive   stm32g4xx_hal_spi.o
    0x08002456   0x08002456   0x000001ea   Code   RO         3131    i.HAL_SPI_Transmit  stm32g4xx_hal_spi.o
    0x08002640   0x08002640   0x000002bc   Code   RO         3132    i.HAL_SPI_TransmitReceive  stm32g4xx_hal_spi.o
    0x080028fc   0x080028fc   0x00000034   Code   RO         2988    i.HAL_SYSTICK_Config  stm32g4xx_hal_cortex.o
    0x08002930   0x08002930   0x00000002   Code   RO         4190    i.HAL_TIMEx_Break2Callback  stm32g4xx_hal_tim_ex.o
    0x08002932   0x08002932   0x00000002   Code   RO         4191    i.HAL_TIMEx_BreakCallback  stm32g4xx_hal_tim_ex.o
    0x08002934   0x08002934   0x00000002   Code   RO         4192    i.HAL_TIMEx_CommutCallback  stm32g4xx_hal_tim_ex.o
    0x08002936   0x08002936   0x00000002   Code   RO         4203    i.HAL_TIMEx_DirectionChangeCallback  stm32g4xx_hal_tim_ex.o
    0x08002938   0x08002938   0x00000002   Code   RO         4217    i.HAL_TIMEx_EncoderIndexCallback  stm32g4xx_hal_tim_ex.o
    0x0800293a   0x0800293a   0x00000002   Code   RO         4231    i.HAL_TIMEx_IndexErrorCallback  stm32g4xx_hal_tim_ex.o
    0x0800293c   0x0800293c   0x000000b8   Code   RO         4232    i.HAL_TIMEx_MasterConfigSynchronization  stm32g4xx_hal_tim_ex.o
    0x080029f4   0x080029f4   0x00000002   Code   RO         4253    i.HAL_TIMEx_TransitionErrorCallback  stm32g4xx_hal_tim_ex.o
    0x080029f6   0x080029f6   0x0000006e   Code   RO         3465    i.HAL_TIM_Base_Init  stm32g4xx_hal_tim.o
    0x08002a64   0x08002a64   0x00000068   Code   RO          362    i.HAL_TIM_Base_MspInit  tim.o
    0x08002acc   0x08002acc   0x00000090   Code   RO         3468    i.HAL_TIM_Base_Start  stm32g4xx_hal_tim.o
    0x08002b5c   0x08002b5c   0x00000134   Code   RO         3474    i.HAL_TIM_ConfigClockSource  stm32g4xx_hal_tim.o
    0x08002c90   0x08002c90   0x00000002   Code   RO         3499    i.HAL_TIM_IC_CaptureCallback  stm32g4xx_hal_tim.o
    0x08002c92   0x08002c92   0x00000240   Code   RO         3513    i.HAL_TIM_IRQHandler  stm32g4xx_hal_tim.o
    0x08002ed2   0x08002ed2   0x00000002   Code   RO         3516    i.HAL_TIM_OC_DelayElapsedCallback  stm32g4xx_hal_tim.o
    0x08002ed4   0x08002ed4   0x00000002   Code   RO         3543    i.HAL_TIM_PWM_PulseFinishedCallback  stm32g4xx_hal_tim.o
    0x08002ed6   0x08002ed6   0x00000002   Code   RO         3551    i.HAL_TIM_PeriodElapsedCallback  stm32g4xx_hal_tim.o
    0x08002ed8   0x08002ed8   0x00000002   Code   RO         3556    i.HAL_TIM_TriggerCallback  stm32g4xx_hal_tim.o
    0x08002eda   0x08002eda   0x0000004e   Code   RO         5044    i.HAL_UARTEx_DisableFifoMode  stm32g4xx_hal_uart_ex.o
    0x08002f28   0x08002f28   0x0000005e   Code   RO         5052    i.HAL_UARTEx_SetRxFifoThreshold  stm32g4xx_hal_uart_ex.o
    0x08002f86   0x08002f86   0x0000005e   Code   RO         5053    i.HAL_UARTEx_SetTxFifoThreshold  stm32g4xx_hal_uart_ex.o
    0x08002fe4   0x08002fe4   0x00000078   Code   RO         4648    i.HAL_UART_Init     stm32g4xx_hal_uart.o
    0x0800305c   0x0800305c   0x00000094   Code   RO          410    i.HAL_UART_MspInit  usart.o
    0x080030f0   0x080030f0   0x000000d6   Code   RO         4657    i.HAL_UART_Transmit  stm32g4xx_hal_uart.o
    0x080031c6   0x080031c6   0x00000004   Code   RO          453    i.HardFault_Handler  stm32g4xx_it.o
    0x080031ca   0x080031ca   0x00000028   Code   RO         1114    i.I2C_Flush_TXDR    stm32g4xx_hal_i2c.o
    0x080031f2   0x080031f2   0x00000002   PAD
    0x080031f4   0x080031f4   0x00000148   Code   RO         1122    i.I2C_IsErrorOccurred  stm32g4xx_hal_i2c.o
    0x0800333c   0x0800333c   0x0000007c   Code   RO         1125    i.I2C_RequestMemoryRead  stm32g4xx_hal_i2c.o
    0x080033b8   0x080033b8   0x0000007c   Code   RO         1126    i.I2C_RequestMemoryWrite  stm32g4xx_hal_i2c.o
    0x08003434   0x08003434   0x00000038   Code   RO         1129    i.I2C_TransferConfig  stm32g4xx_hal_i2c.o
    0x0800346c   0x0800346c   0x0000005e   Code   RO         1131    i.I2C_WaitOnFlagUntilTimeout  stm32g4xx_hal_i2c.o
    0x080034ca   0x080034ca   0x00000056   Code   RO         1133    i.I2C_WaitOnSTOPFlagUntilTimeout  stm32g4xx_hal_i2c.o
    0x08003520   0x08003520   0x0000005a   Code   RO         1134    i.I2C_WaitOnTXISFlagUntilTimeout  stm32g4xx_hal_i2c.o
    0x0800357a   0x0800357a   0x00000002   PAD
    0x0800357c   0x0800357c   0x0000034c   Code   RO          895    i.IMU_get_origion_data  imu.o
    0x080038c8   0x080038c8   0x000000d8   Code   RO          247    i.MX_GPIO_Init      gpio.o
    0x080039a0   0x080039a0   0x00000058   Code   RO          273    i.MX_I2C1_Init      i2c.o
    0x080039f8   0x080039f8   0x00000050   Code   RO          315    i.MX_SPI1_Init      spi.o
    0x08003a48   0x08003a48   0x00000050   Code   RO          316    i.MX_SPI2_Init      spi.o
    0x08003a98   0x08003a98   0x00000034   Code   RO          363    i.MX_TIM16_Init     tim.o
    0x08003acc   0x08003acc   0x00000070   Code   RO          364    i.MX_TIM2_Init      tim.o
    0x08003b3c   0x08003b3c   0x0000006c   Code   RO          411    i.MX_USART1_UART_Init  usart.o
    0x08003ba8   0x08003ba8   0x00000050   Code   RO          897    i.MahonyAHRS        imu.o
    0x08003bf8   0x08003bf8   0x00000004   Code   RO          454    i.MemManage_Handler  stm32g4xx_it.o
    0x08003bfc   0x08003bfc   0x00000004   Code   RO          455    i.NMI_Handler       stm32g4xx_it.o
    0x08003c00   0x08003c00   0x00000002   Code   RO          456    i.PendSV_Handler    stm32g4xx_it.o
    0x08003c02   0x08003c02   0x00000002   PAD
    0x08003c04   0x08003c04   0x000000a0   Code   RO          794    i.QMC5883L_Init     qmc5883.o
    0x08003ca4   0x08003ca4   0x00000064   Code   RO          797    i.QMC5883L_Read_TEMP  qmc5883.o
    0x08003d08   0x08003d08   0x000001f8   Code   RO          798    i.QMC5883L_Read_XYZ  qmc5883.o
    0x08003f00   0x08003f00   0x0000002c   Code   RO          799    i.QMC5883L_Register_Read  qmc5883.o
    0x08003f2c   0x08003f2c   0x00000028   Code   RO          800    i.QMC5883L_Register_Write  qmc5883.o
    0x08003f54   0x08003f54   0x00000034   Code   RO          803    i.QMC5883_GetOffSet  qmc5883.o
    0x08003f88   0x08003f88   0x00000044   Code   RO          898    i.Q_rsqrt           imu.o
    0x08003fcc   0x08003fcc   0x00000068   Code   RO         1821    i.RCC_GetSysClockFreqFromPLLSource  stm32g4xx_hal_rcc.o
    0x08004034   0x08004034   0x000000a0   Code   RO          595    i.ReadAccData       bmi088.o
    0x080040d4   0x080040d4   0x000000ac   Code   RO          599    i.ReadMultiDataFromAcc  bmi088.o
    0x08004180   0x08004180   0x00000054   Code   RO          600    i.ReadMultiDataFromGyro  bmi088.o
    0x080041d4   0x080041d4   0x00000070   Code   RO          601    i.ReadSingleDataFromAcc  bmi088.o
    0x08004244   0x08004244   0x00000070   Code   RO          602    i.ReadSingleDataFromGyro  bmi088.o
    0x080042b4   0x080042b4   0x00000082   Code   RO         3160    i.SPI_EndRxTransaction  stm32g4xx_hal_spi.o
    0x08004336   0x08004336   0x00000064   Code   RO         3161    i.SPI_EndRxTxTransaction  stm32g4xx_hal_spi.o
    0x0800439a   0x0800439a   0x00000002   PAD
    0x0800439c   0x0800439c   0x000000f8   Code   RO         3166    i.SPI_WaitFifoStateUntilTimeout  stm32g4xx_hal_spi.o
    0x08004494   0x08004494   0x000000d8   Code   RO         3167    i.SPI_WaitFlagStateUntilTimeout  stm32g4xx_hal_spi.o
    0x0800456c   0x0800456c   0x000000bc   Code   RO          714    i.SPL06_Init        spl06.o
    0x08004628   0x08004628   0x0000000e   Code   RO          715    i.SPL_06_Config_Mode  spl06.o
    0x08004636   0x08004636   0x00000002   PAD
    0x08004638   0x08004638   0x000000d4   Code   RO          716    i.SPL_06_Config_Pres  spl06.o
    0x0800470c   0x0800470c   0x000000d8   Code   RO          717    i.SPL_06_Config_Temp  spl06.o
    0x080047e4   0x080047e4   0x000001e0   Code   RO          718    i.SPL_06_Get_Height  spl06.o
    0x080049c4   0x080049c4   0x0000014c   Code   RO          719    i.SPL_06_Read_COEF  spl06.o
    0x08004b10   0x08004b10   0x00000074   Code   RO          720    i.SPL_06_Read_Reg   spl06.o
    0x08004b84   0x08004b84   0x00000058   Code   RO          721    i.SPL_06_Write_Reg  spl06.o
    0x08004bdc   0x08004bdc   0x00000002   Code   RO          457    i.SVC_Handler       stm32g4xx_it.o
    0x08004bde   0x08004bde   0x00000008   Code   RO          458    i.SysTick_Handler   stm32g4xx_it.o
    0x08004be6   0x08004be6   0x00000068   Code   RO          169    i.SystemClock_Config  main.o
    0x08004c4e   0x08004c4e   0x00000002   PAD
    0x08004c50   0x08004c50   0x00000014   Code   RO          557    i.SystemInit        system_stm32g4xx.o
    0x08004c64   0x08004c64   0x00000010   Code   RO          459    i.TIM2_IRQHandler   stm32g4xx_it.o
    0x08004c74   0x08004c74   0x000000bc   Code   RO         3558    i.TIM_Base_SetConfig  stm32g4xx_hal_tim.o
    0x08004d30   0x08004d30   0x00000016   Code   RO         3569    i.TIM_ETR_SetConfig  stm32g4xx_hal_tim.o
    0x08004d46   0x08004d46   0x00000002   PAD
    0x08004d48   0x08004d48   0x00000018   Code   RO         3570    i.TIM_ITRx_SetConfig  stm32g4xx_hal_tim.o
    0x08004d60   0x08004d60   0x00000026   Code   RO         3578    i.TIM_TI1_ConfigInputStage  stm32g4xx_hal_tim.o
    0x08004d86   0x08004d86   0x00000028   Code   RO         3580    i.TIM_TI2_ConfigInputStage  stm32g4xx_hal_tim.o
    0x08004dae   0x08004dae   0x00000002   PAD
    0x08004db0   0x08004db0   0x00000058   Code   RO         5057    i.UARTEx_SetNbDataToProcess  stm32g4xx_hal_uart_ex.o
    0x08004e08   0x08004e08   0x000000f8   Code   RO         4662    i.UART_AdvFeatureConfig  stm32g4xx_hal_uart.o
    0x08004f00   0x08004f00   0x00000076   Code   RO         4663    i.UART_CheckIdleState  stm32g4xx_hal_uart.o
    0x08004f76   0x08004f76   0x00000002   PAD
    0x08004f78   0x08004f78   0x00000384   Code   RO         4681    i.UART_SetConfig    stm32g4xx_hal_uart.o
    0x080052fc   0x080052fc   0x000000fe   Code   RO         4688    i.UART_WaitOnFlagUntilTimeout  stm32g4xx_hal_uart.o
    0x080053fa   0x080053fa   0x00000002   PAD
    0x080053fc   0x080053fc   0x000006ec   Code   RO          899    i.Update            imu.o
    0x08005ae8   0x08005ae8   0x00000004   Code   RO          460    i.UsageFault_Handler  stm32g4xx_it.o
    0x08005aec   0x08005aec   0x0000001a   Code   RO          603    i.VerifyAccChipID   bmi088.o
    0x08005b06   0x08005b06   0x00000002   PAD
    0x08005b08   0x08005b08   0x0000009c   Code   RO          604    i.VerifyAccSelfTest  bmi088.o
    0x08005ba4   0x08005ba4   0x0000001a   Code   RO          605    i.VerifyGyroChipID  bmi088.o
    0x08005bbe   0x08005bbe   0x00000002   PAD
    0x08005bc0   0x08005bc0   0x00000078   Code   RO          607    i.WriteDataToAcc    bmi088.o
    0x08005c38   0x08005c38   0x00000058   Code   RO          608    i.WriteDataToGyro   bmi088.o
    0x08005c90   0x08005c90   0x00000020   Code   RO         5462    i.__0printf         mc_w.l(printfa.o)
    0x08005cb0   0x08005cb0   0x00000030   Code   RO         5568    i.__ARM_fpclassify  m_wm.l(fpclassify.o)
    0x08005ce0   0x08005ce0   0x00000026   Code   RO         5570    i.__ARM_fpclassifyf  m_wm.l(fpclassifyf.o)
    0x08005d06   0x08005d06   0x00000002   PAD
    0x08005d08   0x08005d08   0x00000010   Code   RO         2990    i.__NVIC_GetPriorityGrouping  stm32g4xx_hal_cortex.o
    0x08005d18   0x08005d18   0x00000028   Code   RO         2991    i.__NVIC_SetPriority  stm32g4xx_hal_cortex.o
    0x08005d40   0x08005d40   0x00000360   Code   RO         5158    i.__hardfp_asin     m_wm.l(asin.o)
    0x080060a0   0x080060a0   0x000002d8   Code   RO         5534    i.__hardfp_atan     m_wm.l(atan.o)
    0x08006378   0x08006378   0x00000200   Code   RO         5172    i.__hardfp_atan2    m_wm.l(atan2.o)
    0x08006578   0x08006578   0x000002ac   Code   RO         5184    i.__hardfp_atan2f   m_wm.l(atan2f.o)
    0x08006824   0x08006824   0x00000004   PAD
    0x08006828   0x08006828   0x00000c50   Code   RO         5196    i.__hardfp_pow      m_wm.l(pow.o)
    0x08007478   0x08007478   0x000000f8   Code   RO         5586    i.__kernel_poly     m_wm.l(poly.o)
    0x08007570   0x08007570   0x00000030   Code   RO         5548    i.__mathlib_dbl_divzero  m_wm.l(dunder.o)
    0x080075a0   0x080075a0   0x00000014   Code   RO         5549    i.__mathlib_dbl_infnan  m_wm.l(dunder.o)
    0x080075b4   0x080075b4   0x00000014   Code   RO         5550    i.__mathlib_dbl_infnan2  m_wm.l(dunder.o)
    0x080075c8   0x080075c8   0x00000020   Code   RO         5551    i.__mathlib_dbl_invalid  m_wm.l(dunder.o)
    0x080075e8   0x080075e8   0x00000020   Code   RO         5552    i.__mathlib_dbl_overflow  m_wm.l(dunder.o)
    0x08007608   0x08007608   0x00000020   Code   RO         5554    i.__mathlib_dbl_underflow  m_wm.l(dunder.o)
    0x08007628   0x08007628   0x00000006   Code   RO         5574    i.__mathlib_flt_infnan2  m_wm.l(funder.o)
    0x0800762e   0x0800762e   0x00000002   PAD
    0x08007630   0x08007630   0x00000010   Code   RO         5578    i.__mathlib_flt_underflow  m_wm.l(funder.o)
    0x08007640   0x08007640   0x0000000e   Code   RO         5648    i.__scatterload_copy  mc_w.l(handlers.o)
    0x0800764e   0x0800764e   0x00000002   Code   RO         5649    i.__scatterload_null  mc_w.l(handlers.o)
    0x08007650   0x08007650   0x0000000e   Code   RO         5650    i.__scatterload_zeroinit  mc_w.l(handlers.o)
    0x0800765e   0x0800765e   0x00000002   PAD
    0x08007660   0x08007660   0x0000000c   Code   RO         5622    i.__set_errno       mc_w.l(errno.o)
    0x0800766c   0x0800766c   0x00000184   Code   RO         5469    i._fp_digits        mc_w.l(printfa.o)
    0x080077f0   0x080077f0   0x000006b4   Code   RO         5470    i._printf_core      mc_w.l(printfa.o)
    0x08007ea4   0x08007ea4   0x00000024   Code   RO         5471    i._printf_post_padding  mc_w.l(printfa.o)
    0x08007ec8   0x08007ec8   0x0000002e   Code   RO         5472    i._printf_pre_padding  mc_w.l(printfa.o)
    0x08007ef6   0x08007ef6   0x00000010   Code   RO         5536    i.atan              m_wm.l(atan.o)
    0x08007f06   0x08007f06   0x00000002   PAD
    0x08007f08   0x08007f08   0x00000044   Code   RO         1032    i.delay_us          mdelay.o
    0x08007f4c   0x08007f4c   0x00000018   Code   RO         5564    i.fabs              m_wm.l(fabs.o)
    0x08007f64   0x08007f64   0x00000018   Code   RO           14    i.fputc             debug.o
    0x08007f7c   0x08007f7c   0x00000050   Code   RO         5490    i.free              mc_w.l(malloc.o)
    0x08007fcc   0x08007fcc   0x00000180   Code   RO          170    i.main              main.o
    0x0800814c   0x0800814c   0x0000006c   Code   RO         5491    i.malloc            mc_w.l(malloc.o)
    0x080081b8   0x080081b8   0x0000006e   Code   RO         5212    i.sqrt              m_wm.l(sqrt.o)
    0x08008226   0x08008226   0x00000018   Data   RO          558    .constdata          system_stm32g4xx.o
    0x0800823e   0x0800823e   0x00000018   Data   RO         4689    .constdata          stm32g4xx_hal_uart.o
    0x08008256   0x08008256   0x00000010   Data   RO         5059    .constdata          stm32g4xx_hal_uart_ex.o
    0x08008266   0x08008266   0x00000002   PAD
    0x08008268   0x08008268   0x00000050   Data   RO         5161    .constdata          m_wm.l(asin.o)
    0x080082b8   0x080082b8   0x00000088   Data   RO         5199    .constdata          m_wm.l(pow.o)
    0x08008340   0x08008340   0x00000098   Data   RO         5537    .constdata          m_wm.l(atan.o)
    0x080083d8   0x080083d8   0x00000008   Data   RO         5588    .constdata          m_wm.l(qnan.o)
    0x080083e0   0x080083e0   0x00000020   Data   RO         5646    Region$$Table       anon$$obj.o


    Execution Region RW_IRAM1 (Exec base: 0x20000000, Load base: 0x08008400, Size: 0x00000970, Max: 0x00008000, ABSOLUTE)

    Exec Addr    Load Addr    Size         Type   Attr      Idx    E Section Name        Object

    0x20000000   0x08008400   0x00000004   Data   RW          559    .data               system_stm32g4xx.o
    0x20000004   0x08008404   0x00000001   Data   RW          725    .data               spl06.o
    0x20000005   0x08008405   0x00000001   Data   RW          805    .data               qmc5883.o
    0x20000006   0x08008406   0x00000002   PAD
    0x20000008   0x08008408   0x0000000c   Data   RW         1607    .data               stm32g4xx_hal.o
    0x20000014   0x08008414   0x00000004   Data   RW         5605    .data               mc_w.l(stdout.o)
    0x20000018   0x08008418   0x00000004   Data   RW         5618    .data               mc_w.l(mvars.o)
    0x2000001c   0x0800841c   0x00000004   Data   RW         5619    .data               mc_w.l(mvars.o)
    0x20000020   0x08008420   0x00000004   Data   RW         5623    .data               mc_w.l(errno.o)
    0x20000024        -       0x0000004c   Zero   RW          274    .bss                i2c.o
    0x20000070        -       0x000000c8   Zero   RW          317    .bss                spi.o
    0x20000138        -       0x00000098   Zero   RW          365    .bss                tim.o
    0x200001d0        -       0x00000090   Zero   RW          412    .bss                usart.o
    0x20000260        -       0x00000040   Zero   RW          723    .bss                spl06.o
    0x200002a0        -       0x00000034   Zero   RW          804    .bss                qmc5883.o
    0x200002d4        -       0x0000009c   Zero   RW          904    .bss                imu.o
    0x20000370        -       0x00000200   Zero   RW            2    HEAP                startup_stm32g431xx.o
    0x20000570        -       0x00000400   Zero   RW            1    STACK               startup_stm32g431xx.o


==============================================================================

Image component sizes


      Code (inc. data)   RO Data    RW Data    ZI Data      Debug   Object Name

      1300         78          0          0          0       7947   bmi088.o
        24          4          0          0          0     653881   debug.o
       216          8          0          0          0        939   gpio.o
       292         26          0          0         76       1737   i2c.o
      2764         66          0          0        156       7325   imu.o
       494         56          0          0          0       7934   main.o
        68          4          0          0          0        535   mdelay.o
       900         54          0          1         52       7348   qmc5883.o
       376         32          0          0        200       2274   spi.o
      1646        170          0          1         64       6256   spl06.o
        36          8        472          0       1536        824   startup_stm32g431xx.o
       194         32          0         12          0       4237   stm32g4xx_hal.o
       310         22          0          0          0      34267   stm32g4xx_hal_cortex.o
       490         32          0          0          0       2653   stm32g4xx_hal_gpio.o
      1962         36          0          0          0      11566   stm32g4xx_hal_i2c.o
       210          0          0          0          0       1911   stm32g4xx_hal_i2c_ex.o
        68          6          0          0          0        826   stm32g4xx_hal_msp.o
       300         18          0          0          0       1385   stm32g4xx_hal_pwr_ex.o
      2272        108          0          0          0       7160   stm32g4xx_hal_rcc.o
       880          8          0          0          0       1848   stm32g4xx_hal_rcc_ex.o
      2566         12          0          0          0       9693   stm32g4xx_hal_spi.o
      1460         78          0          0          0      10200   stm32g4xx_hal_tim.o
       198         26          0          0          0       5404   stm32g4xx_hal_tim_ex.o
      1854         62         24          0          0      25162   stm32g4xx_hal_uart.o
       354         10         16          0          0       3593   stm32g4xx_hal_uart_ex.o
        50          6          0          0          0       4584   stm32g4xx_it.o
        20          6         24          4          0       1091   system_stm32g4xx.o
       268         24          0          0        152       2205   tim.o
       256         20          0          0        144       1726   usart.o

    ----------------------------------------------------------------------
     21860       1012        570         20       2380     826511   Object Totals
         0          0         32          0          0          0   (incl. Generated)
        32          0          2          2          0          0   (incl. Padding)

    ----------------------------------------------------------------------

      Code (inc. data)   RO Data    RW Data    ZI Data      Debug   Library Member Name

       864         94         80          0          0        280   asin.o
       744        106        152          0          0        352   atan.o
       512         64          0          0          0        208   atan2.o
       684         90          0          0          0        208   atan2f.o
       184         44          0          0          0        744   dunder.o
        24          0          0          0          0        124   fabs.o
        48          0          0          0          0        124   fpclassify.o
        38          0          0          0          0        116   fpclassifyf.o
        22          6          0          0          0        232   funder.o
       248          0          0          0          0        152   poly.o
      3152        296        136          0          0        352   pow.o
         0          0          8          0          0          0   qnan.o
       110          0          0          0          0        148   sqrt.o
         0          0          0          0          0          0   entry.o
         0          0          0          0          0          0   entry10a.o
         0          0          0          0          0          0   entry11a.o
         4          0          0          0          0          0   entry12b.o
         8          4          0          0          0          0   entry2.o
         4          0          0          0          0          0   entry5.o
         0          0          0          0          0          0   entry7b.o
         0          0          0          0          0          0   entry8b.o
         8          4          0          0          0          0   entry9a.o
        12          6          0          4          0         68   errno.o
        30          0          0          0          0          0   handlers.o
        36          8          0          0          0         68   init.o
         0          0          0          0          0          0   iusefp.o
        30          0          0          0          0         68   llshl.o
        36          0          0          0          0         68   llsshr.o
        32          0          0          0          0         68   llushr.o
       188         20          0          0          0        160   malloc.o
        36          0          0          0          0        108   memseta.o
         0          0          0          8          0          0   mvars.o
      2218         90          0          0          0        464   printfa.o
         0          0          0          4          0          0   stdout.o
        44          0          0          0          0         80   uidiv.o
        98          0          0          0          0         92   uldiv.o
        48          0          0          0          0         68   cdcmple.o
        48          0          0          0          0         68   cdrcmple.o
        56          0          0          0          0         88   d2f.o
       334          0          0          0          0        148   dadd.o
       222          0          0          0          0        100   ddiv.o
       186          0          0          0          0        176   depilogue.o
        48          0          0          0          0         68   dfixul.o
        34          0          0          0          0         76   dflti.o
       228          0          0          0          0         96   dmul.o
        46          0          0          0          0         80   dscalb.o
       162          0          0          0          0        100   dsqrt.o
        38          0          0          0          0         68   f2d.o
       110          0          0          0          0        168   fepilogue.o

    ----------------------------------------------------------------------
     10986        836        376         16          0       5588   Library Totals
        12          4          0          0          0          0   (incl. Padding)

    ----------------------------------------------------------------------

      Code (inc. data)   RO Data    RW Data    ZI Data      Debug   Library Name

      6630        700        376          0          0       3040   m_wm.l
      2784        132          0         16          0       1244   mc_w.l
      1560          0          0          0          0       1304   mf_w.l

    ----------------------------------------------------------------------
     10986        836        376         16          0       5588   Library Totals

    ----------------------------------------------------------------------

==============================================================================


      Code (inc. data)   RO Data    RW Data    ZI Data      Debug   

     32846       1848        946         36       2380     816403   Grand Totals
     32846       1848        946         36       2380     816403   ELF Image Totals
     32846       1848        946         36          0          0   ROM Totals

==============================================================================

    Total RO  Size (Code + RO Data)                33792 (  33.00kB)
    Total RW  Size (RW Data + ZI Data)              2416 (   2.36kB)
    Total ROM Size (Code + RO Data + RW Data)      33828 (  33.04kB)

==============================================================================

